Component: Arm Compiler for Embedded 6.19 Tool: armlink [5e73cb00]

==============================================================================

Section Cross References

    main.o(.text.main) refers to mdr32fxqi_rst_clk.o(.text.RST_CLK_PCLKcmd) for RST_CLK_PCLKcmd
    main.o(.text.main) refers to main.o(.bss.PortInit) for PortInit
    main.o(.text.main) refers to mdr32fxqi_port.o(.text.PORT_Init) for PORT_Init
    main.o(.text.main) refers to mdr32fxqi_port.o(.text.PORT_ResetBits) for PORT_ResetBits
    main.o(.text.main) refers to mdr32fxqi_port.o(.text.PORT_ReadInputDataBit) for PORT_ReadInputDataBit
    main.o(.text.main) refers to mdr32fxqi_port.o(.text.PORT_SetBits) for PORT_SetBits
    main.o(.ARM.exidx.text.main) refers to main.o(.text.main) for [Anonymous Symbol]
    startup_mdr32f9q2i.o(STACK) refers (Special) to heapauxi.o(.text) for __use_two_region_memory
    startup_mdr32f9q2i.o(HEAP) refers (Special) to heapauxi.o(.text) for __use_two_region_memory
    startup_mdr32f9q2i.o(RESET) refers (Special) to heapauxi.o(.text) for __use_two_region_memory
    startup_mdr32f9q2i.o(RESET) refers to startup_mdr32f9q2i.o(STACK) for __initial_sp
    startup_mdr32f9q2i.o(RESET) refers to startup_mdr32f9q2i.o(.text) for Reset_Handler
    startup_mdr32f9q2i.o(RESET) refers to mdr32f9q2i_it.o(.text.HardFault_Handler) for HardFault_Handler
    startup_mdr32f9q2i.o(RESET) refers to mdr32f9q2i_it.o(.text.MemManage_Handler) for MemManage_Handler
    startup_mdr32f9q2i.o(RESET) refers to mdr32f9q2i_it.o(.text.BusFault_Handler) for BusFault_Handler
    startup_mdr32f9q2i.o(RESET) refers to mdr32f9q2i_it.o(.text.UsageFault_Handler) for UsageFault_Handler
    startup_mdr32f9q2i.o(RESET) refers to mdr32f9q2i_it.o(.text.SVC_Handler) for SVC_Handler
    startup_mdr32f9q2i.o(RESET) refers to mdr32f9q2i_it.o(.text.DebugMon_Handler) for DebugMon_Handler
    startup_mdr32f9q2i.o(RESET) refers to mdr32f9q2i_it.o(.text.PendSV_Handler) for PendSV_Handler
    startup_mdr32f9q2i.o(RESET) refers to mdr32f9q2i_it.o(.text.SysTick_Handler) for SysTick_Handler
    startup_mdr32f9q2i.o(RESET) refers to mdr32f9q2i_it.o(.text.CAN1_IRQHandler) for CAN1_IRQHandler
    startup_mdr32f9q2i.o(RESET) refers to mdr32f9q2i_it.o(.text.CAN2_IRQHandler) for CAN2_IRQHandler
    startup_mdr32f9q2i.o(RESET) refers to mdr32f9q2i_it.o(.text.USB_IRQHandler) for USB_IRQHandler
    startup_mdr32f9q2i.o(RESET) refers to mdr32f9q2i_it.o(.text.DMA_IRQHandler) for DMA_IRQHandler
    startup_mdr32f9q2i.o(RESET) refers to mdr32f9q2i_it.o(.text.UART1_IRQHandler) for UART1_IRQHandler
    startup_mdr32f9q2i.o(RESET) refers to mdr32f9q2i_it.o(.text.UART2_IRQHandler) for UART2_IRQHandler
    startup_mdr32f9q2i.o(RESET) refers to mdr32f9q2i_it.o(.text.SSP1_IRQHandler) for SSP1_IRQHandler
    startup_mdr32f9q2i.o(RESET) refers to mdr32f9q2i_it.o(.text.I2C_IRQHandler) for I2C_IRQHandler
    startup_mdr32f9q2i.o(RESET) refers to mdr32f9q2i_it.o(.text.POWER_IRQHandler) for POWER_IRQHandler
    startup_mdr32f9q2i.o(RESET) refers to mdr32f9q2i_it.o(.text.WWDG_IRQHandler) for WWDG_IRQHandler
    startup_mdr32f9q2i.o(RESET) refers to mdr32f9q2i_it.o(.text.Timer1_IRQHandler) for Timer1_IRQHandler
    startup_mdr32f9q2i.o(RESET) refers to mdr32f9q2i_it.o(.text.Timer2_IRQHandler) for Timer2_IRQHandler
    startup_mdr32f9q2i.o(RESET) refers to mdr32f9q2i_it.o(.text.Timer3_IRQHandler) for Timer3_IRQHandler
    startup_mdr32f9q2i.o(RESET) refers to mdr32f9q2i_it.o(.text.ADC_IRQHandler) for ADC_IRQHandler
    startup_mdr32f9q2i.o(RESET) refers to mdr32f9q2i_it.o(.text.COMPARATOR_IRQHandler) for COMPARATOR_IRQHandler
    startup_mdr32f9q2i.o(RESET) refers to mdr32f9q2i_it.o(.text.SSP2_IRQHandler) for SSP2_IRQHandler
    startup_mdr32f9q2i.o(RESET) refers to mdr32f9q2i_it.o(.text.BACKUP_IRQHandler) for BACKUP_IRQHandler
    startup_mdr32f9q2i.o(RESET) refers to mdr32f9q2i_it.o(.text.EXT_INT1_IRQHandler) for EXT_INT1_IRQHandler
    startup_mdr32f9q2i.o(RESET) refers to mdr32f9q2i_it.o(.text.EXT_INT2_IRQHandler) for EXT_INT2_IRQHandler
    startup_mdr32f9q2i.o(RESET) refers to mdr32f9q2i_it.o(.text.EXT_INT3_IRQHandler) for EXT_INT3_IRQHandler
    startup_mdr32f9q2i.o(RESET) refers to mdr32f9q2i_it.o(.text.EXT_INT4_IRQHandler) for EXT_INT4_IRQHandler
    startup_mdr32f9q2i.o(.text) refers (Special) to heapauxi.o(.text) for __use_two_region_memory
    startup_mdr32f9q2i.o(.text) refers to system_mdr32f9q2i.o(.text.SystemInit) for SystemInit
    startup_mdr32f9q2i.o(.text) refers to __main.o(!!!main) for __main
    startup_mdr32f9q2i.o(.text) refers to startup_mdr32f9q2i.o(HEAP) for Heap_Mem
    startup_mdr32f9q2i.o(.text) refers to startup_mdr32f9q2i.o(STACK) for Stack_Mem
    system_mdr32f9q2i.o(.text.SystemCoreClockUpdate) refers to system_mdr32f9q2i.o(.data.SystemCoreClock) for SystemCoreClock
    system_mdr32f9q2i.o(.ARM.exidx.text.SystemCoreClockUpdate) refers to system_mdr32f9q2i.o(.text.SystemCoreClockUpdate) for [Anonymous Symbol]
[...]
    Removing mdr32fxqi_dma.o(.text.NVIC_ClearPendingIRQ), (36 bytes).
    Removing mdr32fxqi_dma.o(.ARM.exidx.text.NVIC_ClearPendingIRQ), (8 bytes).
    Removing mdr32fxqi_dma.o(.text.DMA_CtrlDataInit), (162 bytes).
    Removing mdr32fxqi_dma.o(.ARM.exidx.text.DMA_CtrlDataInit), (8 bytes).
    Removing mdr32fxqi_dma.o(.text.DMA_CtrlInit), (80 bytes).
    Removing mdr32fxqi_dma.o(.ARM.exidx.text.DMA_CtrlInit), (8 bytes).
    Removing mdr32fxqi_dma.o(.text.DMA_SG_CtrlInit), (28 bytes).
    Removing mdr32fxqi_dma.o(.ARM.exidx.text.DMA_SG_CtrlInit), (8 bytes).
    Removing mdr32fxqi_dma.o(.text.DMA_SG_Init), (292 bytes).
    Removing mdr32fxqi_dma.o(.ARM.exidx.text.DMA_SG_Init), (8 bytes).
    Removing mdr32fxqi_dma.o(.text.DMA_Init), (308 bytes).
    Removing mdr32fxqi_dma.o(.ARM.exidx.text.DMA_Init), (8 bytes).
    Removing mdr32fxqi_dma.o(.text.DMA_StructInit), (34 bytes).
    Removing mdr32fxqi_dma.o(.ARM.exidx.text.DMA_StructInit), (8 bytes).
    Removing mdr32fxqi_dma.o(.text.DMA_SG_StructInit), (38 bytes).
    Removing mdr32fxqi_dma.o(.ARM.exidx.text.DMA_SG_StructInit), (8 bytes).
    Removing mdr32fxqi_dma.o(.text.DMA_Cmd), (62 bytes).
    Removing mdr32fxqi_dma.o(.ARM.exidx.text.DMA_Cmd), (8 bytes).
    Removing mdr32fxqi_dma.o(.text.DMA_Request), (28 bytes).
    Removing mdr32fxqi_dma.o(.ARM.exidx.text.DMA_Request), (8 bytes).
    Removing mdr32fxqi_dma.o(.text.DMA_ClearError), (14 bytes).
    Removing mdr32fxqi_dma.o(.ARM.exidx.text.DMA_ClearError), (8 bytes).
    Removing mdr32fxqi_dma.o(.text.DMA_ChannelReloadCycle), (104 bytes).
    Removing mdr32fxqi_dma.o(.ARM.exidx.text.DMA_ChannelReloadCycle), (8 bytes).
    Removing mdr32fxqi_dma.o(.text.DMA_GetCurrTransferCounter), (82 bytes).
    Removing mdr32fxqi_dma.o(.ARM.exidx.text.DMA_GetCurrTransferCounter), (8 bytes).
    Removing mdr32fxqi_dma.o(.text.DMA_GetFlagStatus), (250 bytes).
    Removing mdr32fxqi_dma.o(.ARM.exidx.text.DMA_GetFlagStatus), (8 bytes).
    Removing mdr32fxqi_dma.o(.bss.DMA_ControlTable), (1024 bytes).
    Removing mdr32fxqi_dsp.o(.text), (0 bytes).
    Removing mdr32fxqi_ebc.o(.text), (0 bytes).
    Removing mdr32fxqi_ebc.o(.text.EBC_DeInit), (20 bytes).
    Removing mdr32fxqi_ebc.o(.ARM.exidx.text.EBC_DeInit), (8 bytes).
    Removing mdr32fxqi_ebc.o(.text.EBC_Init), (88 bytes).
    Removing mdr32fxqi_ebc.o(.ARM.exidx.text.EBC_Init), (8 bytes).
    Removing mdr32fxqi_ebc.o(.text.EBC_StructInit), (50 bytes).
    Removing mdr32fxqi_ebc.o(.ARM.exidx.text.EBC_StructInit), (8 bytes).
    Removing mdr32fxqi_ebc.o(.text.EBC_CalcWaitStates), (130 bytes).
    Removing mdr32fxqi_ebc.o(.ARM.exidx.text.EBC_CalcWaitStates), (8 bytes).
    Removing mdr32fxqi_ebc.o(.text.EBC_CalcNandCycles), (106 bytes).
    Removing mdr32fxqi_ebc.o(.ARM.exidx.text.EBC_CalcNandCycles), (8 bytes).
    Removing mdr32fxqi_ebc.o(.text.EBC_GetBusyStatus), (42 bytes).
    Removing mdr32fxqi_ebc.o(.ARM.exidx.text.EBC_GetBusyStatus), (8 bytes).
    Removing mdr32fxqi_eeprom.o(.text), (0 bytes).
    Removing mdr32fxqi_eeprom.o(.text.EEPROM_SetLatency), (24 bytes).
    Removing mdr32fxqi_eeprom.o(.ARM.exidx.text.EEPROM_SetLatency), (8 bytes).
    Removing mdr32fxqi_eeprom.o(.text.EEPROM_GetLatency), (16 bytes).
    Removing mdr32fxqi_eeprom.o(.ARM.exidx.text.EEPROM_GetLatency), (8 bytes).
    Removing mdr32fxqi_eeprom.o(EXECUTABLE_MEMORY_SECTION), (1484 bytes).
    Removing mdr32fxqi_eeprom.o(.ARM.exidxEXECUTABLE_MEMORY_SECTION), (80 bytes).
    Removing mdr32fxqi_eth.o(.text), (0 bytes).
    Removing mdr32fxqi_i2c.o(.text), (0 bytes).
    Removing mdr32fxqi_i2c.o(.text.I2C_DeInit), (46 bytes).
    Removing mdr32fxqi_i2c.o(.ARM.exidx.text.I2C_DeInit), (8 bytes).
    Removing mdr32fxqi_i2c.o(.text.I2C_Init), (88 bytes).
    Removing mdr32fxqi_i2c.o(.ARM.exidx.text.I2C_Init), (8 bytes).
    Removing mdr32fxqi_i2c.o(.text.I2C_StructInit), (20 bytes).
    Removing mdr32fxqi_i2c.o(.ARM.exidx.text.I2C_StructInit), (8 bytes).
    Removing mdr32fxqi_i2c.o(.text.I2C_Cmd), (58 bytes).
    Removing mdr32fxqi_i2c.o(.ARM.exidx.text.I2C_Cmd), (8 bytes).
    Removing mdr32fxqi_i2c.o(.text.I2C_ITConfig), (58 bytes).
    Removing mdr32fxqi_i2c.o(.ARM.exidx.text.I2C_ITConfig), (8 bytes).
    Removing mdr32fxqi_i2c.o(.text.I2C_GetITStatus), (40 bytes).
    Removing mdr32fxqi_i2c.o(.ARM.exidx.text.I2C_GetITStatus), (8 bytes).
    Removing mdr32fxqi_i2c.o(.text.I2C_ClearITPendingBit), (16 bytes).
    Removing mdr32fxqi_i2c.o(.ARM.exidx.text.I2C_ClearITPendingBit), (8 bytes).
    Removing mdr32fxqi_i2c.o(.text.I2C_Send7bitAddress), (46 bytes).
    Removing mdr32fxqi_i2c.o(.ARM.exidx.text.I2C_Send7bitAddress), (8 bytes).
    Removing mdr32fxqi_i2c.o(.text.I2C_SendByte), (32 bytes).
    Removing mdr32fxqi_i2c.o(.ARM.exidx.text.I2C_SendByte), (8 bytes).
    Removing mdr32fxqi_i2c.o(.text.I2C_SendSTOP), (12 bytes).
    Removing mdr32fxqi_i2c.o(.ARM.exidx.text.I2C_SendSTOP), (8 bytes).
    Removing mdr32fxqi_i2c.o(.text.I2C_StartReceiveData), (26 bytes).
    Removing mdr32fxqi_i2c.o(.ARM.exidx.text.I2C_StartReceiveData), (8 bytes).
    Removing mdr32fxqi_i2c.o(.text.I2C_GetReceivedData), (12 bytes).
    Removing mdr32fxqi_i2c.o(.ARM.exidx.text.I2C_GetReceivedData), (8 bytes).
    Removing mdr32fxqi_i2c.o(.text.I2C_CheckEvent), (44 bytes).
    Removing mdr32fxqi_i2c.o(.ARM.exidx.text.I2C_CheckEvent), (8 bytes).
    Removing mdr32fxqi_i2c.o(.text.I2C_GetLastEvent), (40 bytes).
    Removing mdr32fxqi_i2c.o(.ARM.exidx.text.I2C_GetLastEvent), (8 bytes).
    Removing mdr32fxqi_i2c.o(.text.I2C_GetFlagStatus), (42 bytes).
    Removing mdr32fxqi_i2c.o(.ARM.exidx.text.I2C_GetFlagStatus), (8 bytes).
    Removing mdr32fxqi_iwdg.o(.text), (0 bytes).
    Removing mdr32fxqi_iwdg.o(.text.IWDG_WriteAccessEnable), (16 bytes).
    Removing mdr32fxqi_iwdg.o(.ARM.exidx.text.IWDG_WriteAccessEnable), (8 bytes).
    Removing mdr32fxqi_iwdg.o(.text.IWDG_WriteAccessDisable), (14 bytes).
    Removing mdr32fxqi_iwdg.o(.ARM.exidx.text.IWDG_WriteAccessDisable), (8 bytes).
    Removing mdr32fxqi_iwdg.o(.text.IWDG_SetPrescaler), (24 bytes).
    Removing mdr32fxqi_iwdg.o(.ARM.exidx.text.IWDG_SetPrescaler), (8 bytes).
    Removing mdr32fxqi_iwdg.o(.text.IWDG_GetPrescaler), (14 bytes).
    Removing mdr32fxqi_iwdg.o(.ARM.exidx.text.IWDG_GetPrescaler), (8 bytes).
    Removing mdr32fxqi_iwdg.o(.text.IWDG_SetReload), (20 bytes).
    Removing mdr32fxqi_iwdg.o(.ARM.exidx.text.IWDG_SetReload), (8 bytes).
    Removing mdr32fxqi_iwdg.o(.text.IWDG_GetReload), (16 bytes).
    Removing mdr32fxqi_iwdg.o(.ARM.exidx.text.IWDG_GetReload), (8 bytes).
    Removing mdr32fxqi_iwdg.o(.text.IWDG_ReloadCounter), (16 bytes).
    Removing mdr32fxqi_iwdg.o(.ARM.exidx.text.IWDG_ReloadCounter), (8 bytes).
    Removing mdr32fxqi_iwdg.o(.text.IWDG_Enable), (16 bytes).
    Removing mdr32fxqi_iwdg.o(.ARM.exidx.text.IWDG_Enable), (8 bytes).
    Removing mdr32fxqi_iwdg.o(.text.IWDG_GetFlagStatus), (50 bytes).
    Removing mdr32fxqi_iwdg.o(.ARM.exidx.text.IWDG_GetFlagStatus), (8 bytes).
    Removing mdr32fxqi_port.o(.text), (0 bytes).
    Removing mdr32fxqi_port.o(.text.PORT_DeInit), (42 bytes).
    Removing mdr32fxqi_port.o(.ARM.exidx.text.PORT_DeInit), (8 bytes).
    Removing mdr32fxqi_port.o(.ARM.exidx.text.PORT_Init), (8 bytes).
    Removing mdr32fxqi_port.o(.text.PORT_StructInit), (54 bytes).
    Removing mdr32fxqi_port.o(.ARM.exidx.text.PORT_StructInit), (8 bytes).
    Removing mdr32fxqi_port.o(.ARM.exidx.text.PORT_ReadInputDataBit), (8 bytes).
    Removing mdr32fxqi_port.o(.text.PORT_ReadInputData), (12 bytes).
    Removing mdr32fxqi_port.o(.ARM.exidx.text.PORT_ReadInputData), (8 bytes).
    Removing mdr32fxqi_port.o(.ARM.exidx.text.PORT_SetBits), (8 bytes).
    Removing mdr32fxqi_port.o(.ARM.exidx.text.PORT_ResetBits), (8 bytes).
    Removing mdr32fxqi_port.o(.text.PORT_WriteBit), (80 bytes).
    Removing mdr32fxqi_port.o(.ARM.exidx.text.PORT_WriteBit), (8 bytes).
    Removing mdr32fxqi_port.o(.text.PORT_Write), (32 bytes).
    Removing mdr32fxqi_port.o(.ARM.exidx.text.PORT_Write), (8 bytes).
    Removing mdr32fxqi_power.o(.text), (0 bytes).
    Removing mdr32fxqi_power.o(.text.POWER_DeInit), (16 bytes).
    Removing mdr32fxqi_power.o(.ARM.exidx.text.POWER_DeInit), (8 bytes).
    Removing mdr32fxqi_power.o(.text.POWER_PVDenable), (22 bytes).
    Removing mdr32fxqi_power.o(.ARM.exidx.text.POWER_PVDenable), (8 bytes).
    Removing mdr32fxqi_power.o(.text.POWER_PVDlevelConfig), (48 bytes).
    Removing mdr32fxqi_power.o(.ARM.exidx.text.POWER_PVDlevelConfig), (8 bytes).
    Removing mdr32fxqi_power.o(.text.POWER_PVBDlevelConfig), (48 bytes).
    Removing mdr32fxqi_power.o(.ARM.exidx.text.POWER_PVBDlevelConfig), (8 bytes).
    Removing mdr32fxqi_power.o(.text.POWER_GetFlagStatus), (50 bytes).
    Removing mdr32fxqi_power.o(.ARM.exidx.text.POWER_GetFlagStatus), (8 bytes).
    Removing mdr32fxqi_power.o(.text.POWER_ClearFlag), (32 bytes).
    Removing mdr32fxqi_power.o(.ARM.exidx.text.POWER_ClearFlag), (8 bytes).
    Removing mdr32fxqi_power.o(.text.POWER_PVD_ITconfig), (56 bytes).
    Removing mdr32fxqi_power.o(.ARM.exidx.text.POWER_PVD_ITconfig), (8 bytes).
    Removing mdr32fxqi_power.o(.text.POWER_PVD_INVconfig), (56 bytes).
    Removing mdr32fxqi_power.o(.ARM.exidx.text.POWER_PVD_INVconfig), (8 bytes).
    Removing mdr32fxqi_rst_clk.o(.text), (0 bytes).
    Removing mdr32fxqi_rst_clk.o(.text.RST_CLK_DeInit), (42 bytes).
    Removing mdr32fxqi_rst_clk.o(.ARM.exidx.text.RST_CLK_DeInit), (8 bytes).
    Removing mdr32fxqi_rst_clk.o(.text.RST_CLK_WarmDeInit), (110 bytes).
    Removing mdr32fxqi_rst_clk.o(.ARM.exidx.text.RST_CLK_WarmDeInit), (8 bytes).
    Removing mdr32fxqi_rst_clk.o(.text.RST_CLK_HSIcmd), (24 bytes).
    Removing mdr32fxqi_rst_clk.o(.ARM.exidx.text.RST_CLK_HSIcmd), (8 bytes).
    Removing mdr32fxqi_rst_clk.o(.text.RST_CLK_HSIstatus), (100 bytes).
    Removing mdr32fxqi_rst_clk.o(.ARM.exidx.text.RST_CLK_HSIstatus), (8 bytes).
    Removing mdr32fxqi_rst_clk.o(.text.RST_CLK_HSEconfig), (80 bytes).
    Removing mdr32fxqi_rst_clk.o(.ARM.exidx.text.RST_CLK_HSEconfig), (8 bytes).
    Removing mdr32fxqi_rst_clk.o(.text.RST_CLK_HSEstatus), (100 bytes).
    Removing mdr32fxqi_rst_clk.o(.ARM.exidx.text.RST_CLK_HSEstatus), (8 bytes).
    Removing mdr32fxqi_rst_clk.o(.text.RST_CLK_GetFlagStatus), (88 bytes).
    Removing mdr32fxqi_rst_clk.o(.ARM.exidx.text.RST_CLK_GetFlagStatus), (8 bytes).
    Removing mdr32fxqi_rst_clk.o(.text.RST_CLK_LSEconfig), (86 bytes).
    Removing mdr32fxqi_rst_clk.o(.ARM.exidx.text.RST_CLK_LSEconfig), (8 bytes).
    Removing mdr32fxqi_rst_clk.o(.text.RST_CLK_LSEstatus), (100 bytes).
    Removing mdr32fxqi_rst_clk.o(.ARM.exidx.text.RST_CLK_LSEstatus), (8 bytes).
    Removing mdr32fxqi_rst_clk.o(.text.RST_CLK_HSIadjust), (42 bytes).
    Removing mdr32fxqi_rst_clk.o(.ARM.exidx.text.RST_CLK_HSIadjust), (8 bytes).
    Removing mdr32fxqi_rst_clk.o(.text.RST_CLK_LSIcmd), (24 bytes).
    Removing mdr32fxqi_rst_clk.o(.ARM.exidx.text.RST_CLK_LSIcmd), (8 bytes).
    Removing mdr32fxqi_rst_clk.o(.text.RST_CLK_LSIadjust), (42 bytes).
    Removing mdr32fxqi_rst_clk.o(.ARM.exidx.text.RST_CLK_LSIadjust), (8 bytes).
    Removing mdr32fxqi_rst_clk.o(.text.RST_CLK_LSIstatus), (100 bytes).
    Removing mdr32fxqi_rst_clk.o(.ARM.exidx.text.RST_CLK_LSIstatus), (8 bytes).
    Removing mdr32fxqi_rst_clk.o(.text.RST_CLK_CPU_PLLconfig), (104 bytes).
    Removing mdr32fxqi_rst_clk.o(.ARM.exidx.text.RST_CLK_CPU_PLLconfig), (8 bytes).
    Removing mdr32fxqi_rst_clk.o(.text.RST_CLK_CPU_PLLuse), (24 bytes).
    Removing mdr32fxqi_rst_clk.o(.ARM.exidx.text.RST_CLK_CPU_PLLuse), (8 bytes).
    Removing mdr32fxqi_rst_clk.o(.text.RST_CLK_CPU_PLLcmd), (22 bytes).
    Removing mdr32fxqi_rst_clk.o(.ARM.exidx.text.RST_CLK_CPU_PLLcmd), (8 bytes).
    Removing mdr32fxqi_rst_clk.o(.text.RST_CLK_CPU_PLLstatus), (100 bytes).
    Removing mdr32fxqi_rst_clk.o(.ARM.exidx.text.RST_CLK_CPU_PLLstatus), (8 bytes).
    Removing mdr32fxqi_rst_clk.o(.text.RST_CLK_CPUclkPrescaler), (44 bytes).
    Removing mdr32fxqi_rst_clk.o(.ARM.exidx.text.RST_CLK_CPUclkPrescaler), (8 bytes).
    Removing mdr32fxqi_rst_clk.o(.text.RST_CLK_CPUclkSelection), (42 bytes).
    Removing mdr32fxqi_rst_clk.o(.ARM.exidx.text.RST_CLK_CPUclkSelection), (8 bytes).
    Removing mdr32fxqi_rst_clk.o(.text.RST_CLK_USB_PLLconfig), (104 bytes).
    Removing mdr32fxqi_rst_clk.o(.ARM.exidx.text.RST_CLK_USB_PLLconfig), (8 bytes).
    Removing mdr32fxqi_rst_clk.o(.text.RST_CLK_USB_PLLuse), (24 bytes).
    Removing mdr32fxqi_rst_clk.o(.ARM.exidx.text.RST_CLK_USB_PLLuse), (8 bytes).
    Removing mdr32fxqi_rst_clk.o(.text.RST_CLK_USB_PLLcmd), (22 bytes).
    Removing mdr32fxqi_rst_clk.o(.ARM.exidx.text.RST_CLK_USB_PLLcmd), (8 bytes).
    Removing mdr32fxqi_rst_clk.o(.text.RST_CLK_USB_PLLstatus), (100 bytes).
    Removing mdr32fxqi_rst_clk.o(.ARM.exidx.text.RST_CLK_USB_PLLstatus), (8 bytes).
    Removing mdr32fxqi_rst_clk.o(.text.RST_CLK_USBclkPrescaler), (24 bytes).
    Removing mdr32fxqi_rst_clk.o(.ARM.exidx.text.RST_CLK_USBclkPrescaler), (8 bytes).
    Removing mdr32fxqi_rst_clk.o(.text.RST_CLK_USBclkEnable), (24 bytes).
    Removing mdr32fxqi_rst_clk.o(.ARM.exidx.text.RST_CLK_USBclkEnable), (8 bytes).
    Removing mdr32fxqi_rst_clk.o(.text.RST_CLK_ADCclkSelection), (42 bytes).
    Removing mdr32fxqi_rst_clk.o(.ARM.exidx.text.RST_CLK_ADCclkSelection), (8 bytes).
    Removing mdr32fxqi_rst_clk.o(.text.RST_CLK_ADCclkPrescaler), (44 bytes).
    Removing mdr32fxqi_rst_clk.o(.ARM.exidx.text.RST_CLK_ADCclkPrescaler), (8 bytes).
    Removing mdr32fxqi_rst_clk.o(.text.RST_CLK_ADCclkEnable), (24 bytes).
    Removing mdr32fxqi_rst_clk.o(.ARM.exidx.text.RST_CLK_ADCclkEnable), (8 bytes).
    Removing mdr32fxqi_rst_clk.o(.text.RST_CLK_HSIclkPrescaler), (44 bytes).
    Removing mdr32fxqi_rst_clk.o(.ARM.exidx.text.RST_CLK_HSIclkPrescaler), (8 bytes).
    Removing mdr32fxqi_rst_clk.o(.text.RST_CLK_RTC_HSIclkEnable), (24 bytes).
    Removing mdr32fxqi_rst_clk.o(.ARM.exidx.text.RST_CLK_RTC_HSIclkEnable), (8 bytes).
    Removing mdr32fxqi_rst_clk.o(.text.RST_CLK_HSEclkPrescaler), (42 bytes).
    Removing mdr32fxqi_rst_clk.o(.ARM.exidx.text.RST_CLK_HSEclkPrescaler), (8 bytes).
    Removing mdr32fxqi_rst_clk.o(.text.RST_CLK_RTC_HSEclkEnable), (24 bytes).
    Removing mdr32fxqi_rst_clk.o(.ARM.exidx.text.RST_CLK_RTC_HSEclkEnable), (8 bytes).
    Removing mdr32fxqi_rst_clk.o(.text.RST_CLK_CPUclkSelectionC1), (42 bytes).
    Removing mdr32fxqi_rst_clk.o(.ARM.exidx.text.RST_CLK_CPUclkSelectionC1), (8 bytes).
    Removing mdr32fxqi_rst_clk.o(.ARM.exidx.text.RST_CLK_PCLKcmd), (8 bytes).
    Removing mdr32fxqi_rst_clk.o(.text.RST_CLK_GetClocksFreq), (714 bytes).
    Removing mdr32fxqi_rst_clk.o(.ARM.exidx.text.RST_CLK_GetClocksFreq), (8 bytes).
    Removing mdr32fxqi_sdio.o(.text), (0 bytes).
    Removing mdr32fxqi_ssp.o(.text), (0 bytes).
    Removing mdr32fxqi_ssp.o(.text.SSP_DeInit), (36 bytes).
    Removing mdr32fxqi_ssp.o(.ARM.exidx.text.SSP_DeInit), (8 bytes).
    Removing mdr32fxqi_ssp.o(.text.SSP_Init), (66 bytes).
    Removing mdr32fxqi_ssp.o(.ARM.exidx.text.SSP_Init), (8 bytes).
    Removing mdr32fxqi_ssp.o(.text.SSP_StructInit), (46 bytes).
    Removing mdr32fxqi_ssp.o(.ARM.exidx.text.SSP_StructInit), (8 bytes).
    Removing mdr32fxqi_ssp.o(.text.SSP_Cmd), (46 bytes).
    Removing mdr32fxqi_ssp.o(.ARM.exidx.text.SSP_Cmd), (8 bytes).
    Removing mdr32fxqi_ssp.o(.text.SSP_ITConfig), (46 bytes).
    Removing mdr32fxqi_ssp.o(.ARM.exidx.text.SSP_ITConfig), (8 bytes).
    Removing mdr32fxqi_ssp.o(.text.SSP_GetITStatus), (46 bytes).
    Removing mdr32fxqi_ssp.o(.ARM.exidx.text.SSP_GetITStatus), (8 bytes).
    Removing mdr32fxqi_ssp.o(.text.SSP_GetITStatusMasked), (46 bytes).
    Removing mdr32fxqi_ssp.o(.ARM.exidx.text.SSP_GetITStatusMasked), (8 bytes).
    Removing mdr32fxqi_ssp.o(.text.SSP_ClearITPendingBit), (24 bytes).
    Removing mdr32fxqi_ssp.o(.ARM.exidx.text.SSP_ClearITPendingBit), (8 bytes).
    Removing mdr32fxqi_ssp.o(.text.SSP_DMACmd), (48 bytes).
    Removing mdr32fxqi_ssp.o(.ARM.exidx.text.SSP_DMACmd), (8 bytes).
    Removing mdr32fxqi_ssp.o(.text.SSP_SendData), (20 bytes).
    Removing mdr32fxqi_ssp.o(.ARM.exidx.text.SSP_SendData), (8 bytes).
    Removing mdr32fxqi_ssp.o(.text.SSP_ReceiveData), (14 bytes).
    Removing mdr32fxqi_ssp.o(.ARM.exidx.text.SSP_ReceiveData), (8 bytes).
    Removing mdr32fxqi_ssp.o(.text.SSP_GetFlagStatus), (46 bytes).
    Removing mdr32fxqi_ssp.o(.ARM.exidx.text.SSP_GetFlagStatus), (8 bytes).
    Removing mdr32fxqi_ssp.o(.text.SSP_BRGInit), (120 bytes).
    Removing mdr32fxqi_ssp.o(.ARM.exidx.text.SSP_BRGInit), (8 bytes).
    Removing mdr32fxqi_timer.o(.text), (0 bytes).
    Removing mdr32fxqi_timer.o(.text.TIMER_DeInit), (138 bytes).
    Removing mdr32fxqi_timer.o(.ARM.exidx.text.TIMER_DeInit), (8 bytes).
    Removing mdr32fxqi_timer.o(.text.TIMER_CntInit), (88 bytes).
    Removing mdr32fxqi_timer.o(.ARM.exidx.text.TIMER_CntInit), (8 bytes).
    Removing mdr32fxqi_timer.o(.text.TIMER_CntStructInit), (58 bytes).
    Removing mdr32fxqi_timer.o(.ARM.exidx.text.TIMER_CntStructInit), (8 bytes).
    Removing mdr32fxqi_timer.o(.text.TIMER_Cmd), (52 bytes).
    Removing mdr32fxqi_timer.o(.ARM.exidx.text.TIMER_Cmd), (8 bytes).
    Removing mdr32fxqi_timer.o(.text.TIMER_SetCounter), (20 bytes).
    Removing mdr32fxqi_timer.o(.ARM.exidx.text.TIMER_SetCounter), (8 bytes).
    Removing mdr32fxqi_timer.o(.text.TIMER_GetCounter), (14 bytes).
    Removing mdr32fxqi_timer.o(.ARM.exidx.text.TIMER_GetCounter), (8 bytes).
    Removing mdr32fxqi_timer.o(.text.TIMER_SetCntPrescaler), (20 bytes).
    Removing mdr32fxqi_timer.o(.ARM.exidx.text.TIMER_SetCntPrescaler), (8 bytes).
    Removing mdr32fxqi_timer.o(.text.TIMER_GetCntPrescaler), (14 bytes).
    Removing mdr32fxqi_timer.o(.ARM.exidx.text.TIMER_GetCntPrescaler), (8 bytes).
    Removing mdr32fxqi_timer.o(.text.TIMER_SetCntAutoreload), (20 bytes).
    Removing mdr32fxqi_timer.o(.ARM.exidx.text.TIMER_SetCntAutoreload), (8 bytes).
    Removing mdr32fxqi_timer.o(.text.TIMER_CntAutoreloadConfig), (54 bytes).
    Removing mdr32fxqi_timer.o(.ARM.exidx.text.TIMER_CntAutoreloadConfig), (8 bytes).
    Removing mdr32fxqi_timer.o(.text.TIMER_GetCntAutoreload), (14 bytes).
    Removing mdr32fxqi_timer.o(.ARM.exidx.text.TIMER_GetCntAutoreload), (8 bytes).
    Removing mdr32fxqi_timer.o(.text.TIMER_CntEventSourceConfig), (42 bytes).
    Removing mdr32fxqi_timer.o(.ARM.exidx.text.TIMER_CntEventSourceConfig), (8 bytes).
    Removing mdr32fxqi_timer.o(.text.TIMER_FilterSamplingConfig), (42 bytes).
    Removing mdr32fxqi_timer.o(.ARM.exidx.text.TIMER_FilterSamplingConfig), (8 bytes).
    Removing mdr32fxqi_timer.o(.text.TIMER_CounterModeConfig), (42 bytes).
    Removing mdr32fxqi_timer.o(.ARM.exidx.text.TIMER_CounterModeConfig), (8 bytes).
    Removing mdr32fxqi_timer.o(.text.TIMER_SetCounterDirection), (42 bytes).
    Removing mdr32fxqi_timer.o(.ARM.exidx.text.TIMER_SetCounterDirection), (8 bytes).
    Removing mdr32fxqi_timer.o(.text.TIMER_ETRInputConfig), (64 bytes).
    Removing mdr32fxqi_timer.o(.ARM.exidx.text.TIMER_ETRInputConfig), (8 bytes).
    Removing mdr32fxqi_timer.o(.text.TIMER_ETRFilterConfig), (44 bytes).
    Removing mdr32fxqi_timer.o(.ARM.exidx.text.TIMER_ETRFilterConfig), (8 bytes).
    Removing mdr32fxqi_timer.o(.text.TIMER_ETRPrescalerConfig), (42 bytes).
    Removing mdr32fxqi_timer.o(.ARM.exidx.text.TIMER_ETRPrescalerConfig), (8 bytes).
    Removing mdr32fxqi_timer.o(.text.TIMER_ETRPolarityConfig), (42 bytes).
    Removing mdr32fxqi_timer.o(.ARM.exidx.text.TIMER_ETRPolarityConfig), (8 bytes).
    Removing mdr32fxqi_timer.o(.text.TIMER_BRKPolarityConfig), (42 bytes).
    Removing mdr32fxqi_timer.o(.ARM.exidx.text.TIMER_BRKPolarityConfig), (8 bytes).
    Removing mdr32fxqi_timer.o(.text.TIMER_GetCounterDirection), (40 bytes).
    Removing mdr32fxqi_timer.o(.ARM.exidx.text.TIMER_GetCounterDirection), (8 bytes).
    Removing mdr32fxqi_timer.o(.text.TIMER_GetCntWriteComplete), (40 bytes).
    Removing mdr32fxqi_timer.o(.ARM.exidx.text.TIMER_GetCntWriteComplete), (8 bytes).
    Removing mdr32fxqi_timer.o(.text.TIMER_ChnInit), (136 bytes).
    Removing mdr32fxqi_timer.o(.ARM.exidx.text.TIMER_ChnInit), (8 bytes).
    Removing mdr32fxqi_timer.o(.text.TIMER_ChnStructInit), (64 bytes).
    Removing mdr32fxqi_timer.o(.ARM.exidx.text.TIMER_ChnStructInit), (8 bytes).
    Removing mdr32fxqi_timer.o(.text.TIMER_SetChnCompare), (38 bytes).
    Removing mdr32fxqi_timer.o(.ARM.exidx.text.TIMER_SetChnCompare), (8 bytes).
    Removing mdr32fxqi_timer.o(.text.TIMER_ChnCompareConfig), (86 bytes).
    Removing mdr32fxqi_timer.o(.ARM.exidx.text.TIMER_ChnCompareConfig), (8 bytes).
    Removing mdr32fxqi_timer.o(.text.TIMER_GetChnCapture), (36 bytes).
    Removing mdr32fxqi_timer.o(.ARM.exidx.text.TIMER_GetChnCapture), (8 bytes).
    Removing mdr32fxqi_timer.o(.text.TIMER_SetChnCompare1), (38 bytes).
    Removing mdr32fxqi_timer.o(.ARM.exidx.text.TIMER_SetChnCompare1), (8 bytes).
    Removing mdr32fxqi_timer.o(.text.TIMER_ChnCompare1Config), (86 bytes).
    Removing mdr32fxqi_timer.o(.ARM.exidx.text.TIMER_ChnCompare1Config), (8 bytes).
    Removing mdr32fxqi_timer.o(.text.TIMER_GetChnCapture1), (36 bytes).
    Removing mdr32fxqi_timer.o(.ARM.exidx.text.TIMER_GetChnCapture1), (8 bytes).
    Removing mdr32fxqi_timer.o(.text.TIMER_ChnETR_Cmd), (70 bytes).
    Removing mdr32fxqi_timer.o(.ARM.exidx.text.TIMER_ChnETR_Cmd), (8 bytes).
    Removing mdr32fxqi_timer.o(.text.TIMER_ChnETRResetConfig), (60 bytes).
    Removing mdr32fxqi_timer.o(.ARM.exidx.text.TIMER_ChnETRResetConfig), (8 bytes).
    Removing mdr32fxqi_timer.o(.text.TIMER_ChnBRKResetConfig), (60 bytes).
    Removing mdr32fxqi_timer.o(.ARM.exidx.text.TIMER_ChnBRKResetConfig), (8 bytes).
    Removing mdr32fxqi_timer.o(.text.TIMER_ChnREFFormatConfig), (60 bytes).
    Removing mdr32fxqi_timer.o(.ARM.exidx.text.TIMER_ChnREFFormatConfig), (8 bytes).
    Removing mdr32fxqi_timer.o(.text.TIMER_ChnCapturePrescalerConfig), (62 bytes).
    Removing mdr32fxqi_timer.o(.ARM.exidx.text.TIMER_ChnCapturePrescalerConfig), (8 bytes).
    Removing mdr32fxqi_timer.o(.text.TIMER_ChnEventSourceConfig), (60 bytes).
    Removing mdr32fxqi_timer.o(.ARM.exidx.text.TIMER_ChnEventSourceConfig), (8 bytes).
    Removing mdr32fxqi_timer.o(.text.TIMER_ChnEventDelay_Cmd), (70 bytes).
    Removing mdr32fxqi_timer.o(.ARM.exidx.text.TIMER_ChnEventDelay_Cmd), (8 bytes).
    Removing mdr32fxqi_timer.o(.text.TIMER_ChnFilterConfig), (60 bytes).
    Removing mdr32fxqi_timer.o(.ARM.exidx.text.TIMER_ChnFilterConfig), (8 bytes).
    Removing mdr32fxqi_timer.o(.text.TIMER_GetChnWriteComplete), (58 bytes).
    Removing mdr32fxqi_timer.o(.ARM.exidx.text.TIMER_GetChnWriteComplete), (8 bytes).
    Removing mdr32fxqi_timer.o(.text.TIMER_GetChnWriteComplete1), (58 bytes).
    Removing mdr32fxqi_timer.o(.ARM.exidx.text.TIMER_GetChnWriteComplete1), (8 bytes).
    Removing mdr32fxqi_timer.o(.text.TIMER_ChnCCR1_EventSourceConfig), (60 bytes).
    Removing mdr32fxqi_timer.o(.ARM.exidx.text.TIMER_ChnCCR1_EventSourceConfig), (8 bytes).
    Removing mdr32fxqi_timer.o(.text.TIMER_ChnCCR1_Cmd), (70 bytes).
    Removing mdr32fxqi_timer.o(.ARM.exidx.text.TIMER_ChnCCR1_Cmd), (8 bytes).
    Removing mdr32fxqi_timer.o(.text.TIMER_ChnOutInit), (92 bytes).
    Removing mdr32fxqi_timer.o(.ARM.exidx.text.TIMER_ChnOutInit), (8 bytes).
    Removing mdr32fxqi_timer.o(.text.TIMER_ChnOutStructInit), (50 bytes).
    Removing mdr32fxqi_timer.o(.ARM.exidx.text.TIMER_ChnOutStructInit), (8 bytes).
    Removing mdr32fxqi_timer.o(.text.TIMER_ChnOutConfig), (92 bytes).
    Removing mdr32fxqi_timer.o(.ARM.exidx.text.TIMER_ChnOutConfig), (8 bytes).
    Removing mdr32fxqi_timer.o(.text.TIMER_ChnOutSourceConfig), (62 bytes).
    Removing mdr32fxqi_timer.o(.ARM.exidx.text.TIMER_ChnOutSourceConfig), (8 bytes).
    Removing mdr32fxqi_timer.o(.text.TIMER_ChnOutModeConfig), (60 bytes).
    Removing mdr32fxqi_timer.o(.ARM.exidx.text.TIMER_ChnOutModeConfig), (8 bytes).
    Removing mdr32fxqi_timer.o(.text.TIMER_ChnOutPolarityConfig), (62 bytes).
    Removing mdr32fxqi_timer.o(.ARM.exidx.text.TIMER_ChnOutPolarityConfig), (8 bytes).
    Removing mdr32fxqi_timer.o(.text.TIMER_ChnNOutConfig), (94 bytes).
    Removing mdr32fxqi_timer.o(.ARM.exidx.text.TIMER_ChnNOutConfig), (8 bytes).
    Removing mdr32fxqi_timer.o(.text.TIMER_ChnNOutSourceConfig), (62 bytes).
    Removing mdr32fxqi_timer.o(.ARM.exidx.text.TIMER_ChnNOutSourceConfig), (8 bytes).
    Removing mdr32fxqi_timer.o(.text.TIMER_ChnNOutModeConfig), (62 bytes).
    Removing mdr32fxqi_timer.o(.ARM.exidx.text.TIMER_ChnNOutModeConfig), (8 bytes).
    Removing mdr32fxqi_timer.o(.text.TIMER_ChnNOutPolarityConfig), (62 bytes).
    Removing mdr32fxqi_timer.o(.ARM.exidx.text.TIMER_ChnNOutPolarityConfig), (8 bytes).
    Removing mdr32fxqi_timer.o(.text.TIMER_ChnOutDTGConfig), (58 bytes).
    Removing mdr32fxqi_timer.o(.ARM.exidx.text.TIMER_ChnOutDTGConfig), (8 bytes).
    Removing mdr32fxqi_timer.o(.text.TIMER_GetStatus), (12 bytes).
    Removing mdr32fxqi_timer.o(.ARM.exidx.text.TIMER_GetStatus), (8 bytes).
    Removing mdr32fxqi_timer.o(.text.TIMER_GetFlagStatus), (42 bytes).
    Removing mdr32fxqi_timer.o(.ARM.exidx.text.TIMER_GetFlagStatus), (8 bytes).
    Removing mdr32fxqi_timer.o(.text.TIMER_ClearFlag), (18 bytes).
    Removing mdr32fxqi_timer.o(.ARM.exidx.text.TIMER_ClearFlag), (8 bytes).
    Removing mdr32fxqi_timer.o(.text.TIMER_DMACmd), (54 bytes).
    Removing mdr32fxqi_timer.o(.ARM.exidx.text.TIMER_DMACmd), (8 bytes).
    Removing mdr32fxqi_timer.o(.text.TIMER_ITConfig), (54 bytes).
    Removing mdr32fxqi_timer.o(.ARM.exidx.text.TIMER_ITConfig), (8 bytes).
    Removing mdr32fxqi_timer.o(.text.TIMER_GetITStatus), (56 bytes).
    Removing mdr32fxqi_timer.o(.ARM.exidx.text.TIMER_GetITStatus), (8 bytes).
    Removing mdr32fxqi_timer.o(.text.TIMER_BRGInit), (168 bytes).
    Removing mdr32fxqi_timer.o(.ARM.exidx.text.TIMER_BRGInit), (8 bytes).
    Removing mdr32fxqi_uart.o(.text), (0 bytes).
    Removing mdr32fxqi_uart.o(.text.UART_DeInit), (64 bytes).
    Removing mdr32fxqi_uart.o(.ARM.exidx.text.UART_DeInit), (8 bytes).
    Removing mdr32fxqi_uart.o(.text.UART_Init), (236 bytes).
    Removing mdr32fxqi_uart.o(.ARM.exidx.text.UART_Init), (8 bytes).
    Removing mdr32fxqi_uart.o(.text.UART_StructInit), (44 bytes).
    Removing mdr32fxqi_uart.o(.ARM.exidx.text.UART_StructInit), (8 bytes).
    Removing mdr32fxqi_uart.o(.text.UART_Cmd), (46 bytes).
    Removing mdr32fxqi_uart.o(.ARM.exidx.text.UART_Cmd), (8 bytes).
    Removing mdr32fxqi_uart.o(.text.UART_ITConfig), (46 bytes).
    Removing mdr32fxqi_uart.o(.ARM.exidx.text.UART_ITConfig), (8 bytes).
    Removing mdr32fxqi_uart.o(.text.UART_GetITStatus), (48 bytes).
    Removing mdr32fxqi_uart.o(.ARM.exidx.text.UART_GetITStatus), (8 bytes).
    Removing mdr32fxqi_uart.o(.text.UART_GetITStatusMasked), (46 bytes).
    Removing mdr32fxqi_uart.o(.ARM.exidx.text.UART_GetITStatusMasked), (8 bytes).
    Removing mdr32fxqi_uart.o(.text.UART_ClearITPendingBit), (16 bytes).
    Removing mdr32fxqi_uart.o(.ARM.exidx.text.UART_ClearITPendingBit), (8 bytes).
    Removing mdr32fxqi_uart.o(.text.UART_DMAConfig), (32 bytes).
    Removing mdr32fxqi_uart.o(.ARM.exidx.text.UART_DMAConfig), (8 bytes).
    Removing mdr32fxqi_uart.o(.text.UART_DMACmd), (48 bytes).
    Removing mdr32fxqi_uart.o(.ARM.exidx.text.UART_DMACmd), (8 bytes).
    Removing mdr32fxqi_uart.o(.text.UART_SendData), (20 bytes).
    Removing mdr32fxqi_uart.o(.ARM.exidx.text.UART_SendData), (8 bytes).
    Removing mdr32fxqi_uart.o(.text.UART_ReceiveData), (14 bytes).
    Removing mdr32fxqi_uart.o(.ARM.exidx.text.UART_ReceiveData), (8 bytes).
    Removing mdr32fxqi_uart.o(.text.UART_BreakLine), (46 bytes).
    Removing mdr32fxqi_uart.o(.ARM.exidx.text.UART_BreakLine), (8 bytes).
    Removing mdr32fxqi_uart.o(.text.UART_IrDAConfig), (134 bytes).
    Removing mdr32fxqi_uart.o(.ARM.exidx.text.UART_IrDAConfig), (8 bytes).
    Removing mdr32fxqi_uart.o(.text.UART_IrDACmd), (46 bytes).
    Removing mdr32fxqi_uart.o(.ARM.exidx.text.UART_IrDACmd), (8 bytes).
    Removing mdr32fxqi_uart.o(.text.UART_GetFlagStatus), (46 bytes).
    Removing mdr32fxqi_uart.o(.ARM.exidx.text.UART_GetFlagStatus), (8 bytes).
    Removing mdr32fxqi_uart.o(.text.UART_BRGInit), (122 bytes).
    Removing mdr32fxqi_uart.o(.ARM.exidx.text.UART_BRGInit), (8 bytes).
    Removing mdr32fxqi_usb.o(.text), (0 bytes).
    Removing mdr32fxqi_usb.o(.text.USB_BRGInit), (100 bytes).
    Removing mdr32fxqi_usb.o(.ARM.exidx.text.USB_BRGInit), (8 bytes).
    Removing mdr32fxqi_usb.o(.text.USB_Reset), (48 bytes).
    Removing mdr32fxqi_usb.o(.ARM.exidx.text.USB_Reset), (8 bytes).
    Removing mdr32fxqi_usb.o(.text.USB_SetHSCR), (48 bytes).
    Removing mdr32fxqi_usb.o(.ARM.exidx.text.USB_SetHSCR), (8 bytes).
    Removing mdr32fxqi_usb.o(.text.USB_GetHSCR), (12 bytes).
    Removing mdr32fxqi_usb.o(.ARM.exidx.text.USB_GetHSCR), (8 bytes).
    Removing mdr32fxqi_usb.o(.text.USB_GetHSVR), (42 bytes).
    Removing mdr32fxqi_usb.o(.ARM.exidx.text.USB_GetHSVR), (8 bytes).
    Removing mdr32fxqi_usb.o(.text.USB_GetHTXC), (10 bytes).
    Removing mdr32fxqi_usb.o(.ARM.exidx.text.USB_GetHTXC), (8 bytes).
    Removing mdr32fxqi_usb.o(.text.USB_SetHTXC), (46 bytes).
    Removing mdr32fxqi_usb.o(.ARM.exidx.text.USB_SetHTXC), (8 bytes).
    Removing mdr32fxqi_usb.o(.text.USB_GetHTXT), (10 bytes).
    Removing mdr32fxqi_usb.o(.ARM.exidx.text.USB_GetHTXT), (8 bytes).
    Removing mdr32fxqi_usb.o(.text.USB_SetHTXT), (18 bytes).
    Removing mdr32fxqi_usb.o(.ARM.exidx.text.USB_SetHTXT), (8 bytes).
    Removing mdr32fxqi_usb.o(.text.USB_GetHTXLC), (10 bytes).
    Removing mdr32fxqi_usb.o(.ARM.exidx.text.USB_GetHTXLC), (8 bytes).
    Removing mdr32fxqi_usb.o(.text.USB_SetHTXLC), (46 bytes).
    Removing mdr32fxqi_usb.o(.ARM.exidx.text.USB_SetHTXLC), (8 bytes).
    Removing mdr32fxqi_usb.o(.text.USB_GetHTXSE), (10 bytes).
    Removing mdr32fxqi_usb.o(.ARM.exidx.text.USB_GetHTXSE), (8 bytes).
    Removing mdr32fxqi_usb.o(.text.USB_SetHTXSE), (46 bytes).
    Removing mdr32fxqi_usb.o(.ARM.exidx.text.USB_SetHTXSE), (8 bytes).
    Removing mdr32fxqi_usb.o(.text.USB_GetHTXA), (10 bytes).
    Removing mdr32fxqi_usb.o(.ARM.exidx.text.USB_GetHTXA), (8 bytes).
    Removing mdr32fxqi_usb.o(.text.USB_SetHTXA), (18 bytes).
    Removing mdr32fxqi_usb.o(.ARM.exidx.text.USB_SetHTXA), (8 bytes).
    Removing mdr32fxqi_usb.o(.text.USB_GetHTXE), (10 bytes).
    Removing mdr32fxqi_usb.o(.ARM.exidx.text.USB_GetHTXE), (8 bytes).
    Removing mdr32fxqi_usb.o(.text.USB_SetHTXE), (18 bytes).
    Removing mdr32fxqi_usb.o(.ARM.exidx.text.USB_SetHTXE), (8 bytes).
    Removing mdr32fxqi_usb.o(.text.USB_GetHFN), (10 bytes).
    Removing mdr32fxqi_usb.o(.ARM.exidx.text.USB_GetHFN), (8 bytes).
    Removing mdr32fxqi_usb.o(.text.USB_GetHIS), (10 bytes).
    Removing mdr32fxqi_usb.o(.ARM.exidx.text.USB_GetHIS), (8 bytes).
    Removing mdr32fxqi_usb.o(.text.USB_SetHIS), (46 bytes).
    Removing mdr32fxqi_usb.o(.ARM.exidx.text.USB_SetHIS), (8 bytes).
    Removing mdr32fxqi_usb.o(.text.USB_GetHIM), (10 bytes).
    Removing mdr32fxqi_usb.o(.ARM.exidx.text.USB_GetHIM), (8 bytes).
    Removing mdr32fxqi_usb.o(.text.USB_SetHIM), (46 bytes).
    Removing mdr32fxqi_usb.o(.ARM.exidx.text.USB_SetHIM), (8 bytes).
    Removing mdr32fxqi_usb.o(.text.USB_GetHRXS), (10 bytes).
    Removing mdr32fxqi_usb.o(.ARM.exidx.text.USB_GetHRXS), (8 bytes).
    Removing mdr32fxqi_usb.o(.text.USB_GetHRXP), (10 bytes).
    Removing mdr32fxqi_usb.o(.ARM.exidx.text.USB_GetHRXP), (8 bytes).
    Removing mdr32fxqi_usb.o(.text.USB_GetHRXA), (10 bytes).
    Removing mdr32fxqi_usb.o(.ARM.exidx.text.USB_GetHRXA), (8 bytes).
    Removing mdr32fxqi_usb.o(.text.USB_GetHRXE), (10 bytes).
    Removing mdr32fxqi_usb.o(.ARM.exidx.text.USB_GetHRXE), (8 bytes).
    Removing mdr32fxqi_usb.o(.text.USB_GetHRXCS), (10 bytes).
    Removing mdr32fxqi_usb.o(.ARM.exidx.text.USB_GetHRXCS), (8 bytes).
    Removing mdr32fxqi_usb.o(.text.USB_GetHSTM), (10 bytes).
    Removing mdr32fxqi_usb.o(.ARM.exidx.text.USB_GetHSTM), (8 bytes).
    Removing mdr32fxqi_usb.o(.text.USB_GetHRXFD), (10 bytes).
    Removing mdr32fxqi_usb.o(.ARM.exidx.text.USB_GetHRXFD), (8 bytes).
    Removing mdr32fxqi_usb.o(.text.USB_GetHRXFDC), (10 bytes).
    Removing mdr32fxqi_usb.o(.ARM.exidx.text.USB_GetHRXFDC), (8 bytes).
    Removing mdr32fxqi_usb.o(.text.USB_GetHRXFC), (10 bytes).
    Removing mdr32fxqi_usb.o(.ARM.exidx.text.USB_GetHRXFC), (8 bytes).
    Removing mdr32fxqi_usb.o(.text.USB_SetHRXFC), (18 bytes).
    Removing mdr32fxqi_usb.o(.ARM.exidx.text.USB_SetHRXFC), (8 bytes).
    Removing mdr32fxqi_usb.o(.text.USB_GetHTXFD), (10 bytes).
    Removing mdr32fxqi_usb.o(.ARM.exidx.text.USB_GetHTXFD), (8 bytes).
    Removing mdr32fxqi_usb.o(.text.USB_SetHTXFD), (18 bytes).
    Removing mdr32fxqi_usb.o(.ARM.exidx.text.USB_SetHTXFD), (8 bytes).
    Removing mdr32fxqi_usb.o(.text.USB_GetHTXFC), (10 bytes).
    Removing mdr32fxqi_usb.o(.ARM.exidx.text.USB_GetHTXFC), (8 bytes).
    Removing mdr32fxqi_usb.o(.text.USB_SetHTXFC), (18 bytes).
    Removing mdr32fxqi_usb.o(.ARM.exidx.text.USB_SetHTXFC), (8 bytes).
    Removing mdr32fxqi_usb.o(.text.USB_GetSEPxCTRL), (26 bytes).
    Removing mdr32fxqi_usb.o(.ARM.exidx.text.USB_GetSEPxCTRL), (8 bytes).
    Removing mdr32fxqi_usb.o(.text.USB_SetSEPxCTRL), (64 bytes).
    Removing mdr32fxqi_usb.o(.ARM.exidx.text.USB_SetSEPxCTRL), (8 bytes).
    Removing mdr32fxqi_usb.o(.text.USB_GetSEPxSTS), (26 bytes).
    Removing mdr32fxqi_usb.o(.ARM.exidx.text.USB_GetSEPxSTS), (8 bytes).
    Removing mdr32fxqi_usb.o(.text.USB_GetSEPxTS), (26 bytes).
    Removing mdr32fxqi_usb.o(.ARM.exidx.text.USB_GetSEPxTS), (8 bytes).
    Removing mdr32fxqi_usb.o(.text.USB_GetSEPxNTS), (26 bytes).
    Removing mdr32fxqi_usb.o(.ARM.exidx.text.USB_GetSEPxNTS), (8 bytes).
    Removing mdr32fxqi_usb.o(.text.USB_GetSC), (12 bytes).
    Removing mdr32fxqi_usb.o(.ARM.exidx.text.USB_GetSC), (8 bytes).
    Removing mdr32fxqi_usb.o(.text.USB_SetSC), (48 bytes).
    Removing mdr32fxqi_usb.o(.ARM.exidx.text.USB_SetSC), (8 bytes).
    Removing mdr32fxqi_usb.o(.text.USB_GetSLS), (12 bytes).
    Removing mdr32fxqi_usb.o(.ARM.exidx.text.USB_GetSLS), (8 bytes).
    Removing mdr32fxqi_usb.o(.text.USB_GetSIS), (12 bytes).
    Removing mdr32fxqi_usb.o(.ARM.exidx.text.USB_GetSIS), (8 bytes).
    Removing mdr32fxqi_usb.o(.text.USB_SetSIS), (20 bytes).
    Removing mdr32fxqi_usb.o(.ARM.exidx.text.USB_SetSIS), (8 bytes).
    Removing mdr32fxqi_usb.o(.text.USB_GetSIM), (12 bytes).
    Removing mdr32fxqi_usb.o(.ARM.exidx.text.USB_GetSIM), (8 bytes).
    Removing mdr32fxqi_usb.o(.text.USB_SetSIM), (48 bytes).
    Removing mdr32fxqi_usb.o(.ARM.exidx.text.USB_SetSIM), (8 bytes).
    Removing mdr32fxqi_usb.o(.text.USB_GetSA), (12 bytes).
    Removing mdr32fxqi_usb.o(.ARM.exidx.text.USB_GetSA), (8 bytes).
    Removing mdr32fxqi_usb.o(.text.USB_SetSA), (20 bytes).
    Removing mdr32fxqi_usb.o(.ARM.exidx.text.USB_SetSA), (8 bytes).
    Removing mdr32fxqi_usb.o(.text.USB_GetSFN), (12 bytes).
    Removing mdr32fxqi_usb.o(.ARM.exidx.text.USB_GetSFN), (8 bytes).
    Removing mdr32fxqi_usb.o(.text.USB_GetSEPxRXFD), (26 bytes).
    Removing mdr32fxqi_usb.o(.ARM.exidx.text.USB_GetSEPxRXFD), (8 bytes).
    Removing mdr32fxqi_usb.o(.text.USB_GetSEPxRXFDC), (26 bytes).
    Removing mdr32fxqi_usb.o(.ARM.exidx.text.USB_GetSEPxRXFDC), (8 bytes).
    Removing mdr32fxqi_usb.o(.text.USB_GetSEPxRXFC), (26 bytes).
    Removing mdr32fxqi_usb.o(.ARM.exidx.text.USB_GetSEPxRXFC), (8 bytes).
    Removing mdr32fxqi_usb.o(.text.USB_SetSEPxRXFC), (30 bytes).
    Removing mdr32fxqi_usb.o(.ARM.exidx.text.USB_SetSEPxRXFC), (8 bytes).
    Removing mdr32fxqi_usb.o(.text.USB_GetSEPxTXFD), (26 bytes).
    Removing mdr32fxqi_usb.o(.ARM.exidx.text.USB_GetSEPxTXFD), (8 bytes).
    Removing mdr32fxqi_usb.o(.text.USB_SetSEPxTXFD), (30 bytes).
    Removing mdr32fxqi_usb.o(.ARM.exidx.text.USB_SetSEPxTXFD), (8 bytes).
    Removing mdr32fxqi_usb.o(.text.USB_GetSEPxTXFDC), (26 bytes).
    Removing mdr32fxqi_usb.o(.ARM.exidx.text.USB_GetSEPxTXFDC), (8 bytes).
    Removing mdr32fxqi_usb.o(.text.USB_SetSEPxTXFDC), (30 bytes).
    Removing mdr32fxqi_usb.o(.ARM.exidx.text.USB_SetSEPxTXFDC), (8 bytes).
    Removing mdr32fxqi_usb.o(.text.USB_SEPxToggleEPDATASEQ), (46 bytes).
    Removing mdr32fxqi_usb.o(.ARM.exidx.text.USB_SEPxToggleEPDATASEQ), (8 bytes).
    Removing mdr32fxqi_utils.o(.text), (0 bytes).
    Removing mdr32fxqi_utils.o(.text.DELAY_Init), (310 bytes).
    Removing mdr32fxqi_utils.o(.ARM.exidx.text.DELAY_Init), (8 bytes).
    Removing mdr32fxqi_utils.o(.text.DELAY_SYSTICK_Init), (40 bytes).
    Removing mdr32fxqi_utils.o(.ARM.exidx.text.DELAY_SYSTICK_Init), (8 bytes).
    Removing mdr32fxqi_utils.o(.text.DELAY_TIMER_Init), (180 bytes).
    Removing mdr32fxqi_utils.o(.ARM.exidx.text.DELAY_TIMER_Init), (8 bytes).
    Removing mdr32fxqi_utils.o(.text.DELAY_DWT_Init), (34 bytes).
    Removing mdr32fxqi_utils.o(.ARM.exidx.text.DELAY_DWT_Init), (8 bytes).
    Removing mdr32fxqi_utils.o(.text.DELAY_WaitUs), (130 bytes).
    Removing mdr32fxqi_utils.o(.ARM.exidx.text.DELAY_WaitUs), (8 bytes).
    Removing mdr32fxqi_utils.o(.text.DELAY_SYSTICK_WaitTicks), (130 bytes).
    Removing mdr32fxqi_utils.o(.ARM.exidx.text.DELAY_SYSTICK_WaitTicks), (8 bytes).
    Removing mdr32fxqi_utils.o(.text.DELAY_TIMER_WaitTicks), (100 bytes).
    Removing mdr32fxqi_utils.o(.ARM.exidx.text.DELAY_TIMER_WaitTicks), (8 bytes).
    Removing mdr32fxqi_utils.o(.text.DELAY_DWT_WaitTicks), (46 bytes).
    Removing mdr32fxqi_utils.o(.ARM.exidx.text.DELAY_DWT_WaitTicks), (8 bytes).
    Removing mdr32fxqi_utils.o(.text.DELAY_WaitMs), (128 bytes).
    Removing mdr32fxqi_utils.o(.ARM.exidx.text.DELAY_WaitMs), (8 bytes).
    Removing mdr32fxqi_utils.o(.bss.DelayMode), (4 bytes).
    Removing mdr32fxqi_utils.o(.data.DelayProgramConstUs), (4 bytes).
    Removing mdr32fxqi_utils.o(.data.DelayProgramConstMs), (4 bytes).
    Removing mdr32fxqi_utils.o(.data.DelayCounterConstUs), (4 bytes).
    Removing mdr32fxqi_utils.o(.data.DelayCounterConstMs), (4 bytes).
    Removing mdr32fxqi_utils.o(.data.DelayTimer), (4 bytes).
    Removing mdr32fxqi_wwdg.o(.text), (0 bytes).
    Removing mdr32fxqi_wwdg.o(.text.WWDG_DeInit), (28 bytes).
    Removing mdr32fxqi_wwdg.o(.ARM.exidx.text.WWDG_DeInit), (8 bytes).
    Removing mdr32fxqi_wwdg.o(.text.WWDG_SetPrescaler), (38 bytes).
    Removing mdr32fxqi_wwdg.o(.ARM.exidx.text.WWDG_SetPrescaler), (8 bytes).
    Removing mdr32fxqi_wwdg.o(.text.WWDG_GetPrescaler), (14 bytes).
    Removing mdr32fxqi_wwdg.o(.ARM.exidx.text.WWDG_GetPrescaler), (8 bytes).
    Removing mdr32fxqi_wwdg.o(.text.WWDG_SetWindowValue), (42 bytes).
    Removing mdr32fxqi_wwdg.o(.ARM.exidx.text.WWDG_SetWindowValue), (8 bytes).
    Removing mdr32fxqi_wwdg.o(.text.WWDG_GetWindowValue), (14 bytes).
    Removing mdr32fxqi_wwdg.o(.ARM.exidx.text.WWDG_GetWindowValue), (8 bytes).
    Removing mdr32fxqi_wwdg.o(.text.WWDG_EnableIT), (12 bytes).
    Removing mdr32fxqi_wwdg.o(.ARM.exidx.text.WWDG_EnableIT), (8 bytes).
    Removing mdr32fxqi_wwdg.o(.text.WWDG_SetCounter), (22 bytes).
    Removing mdr32fxqi_wwdg.o(.ARM.exidx.text.WWDG_SetCounter), (8 bytes).
    Removing mdr32fxqi_wwdg.o(.text.WWDG_GetCounter), (14 bytes).
    Removing mdr32fxqi_wwdg.o(.ARM.exidx.text.WWDG_GetCounter), (8 bytes).
    Removing mdr32fxqi_wwdg.o(.text.WWDG_Enable), (22 bytes).
    Removing mdr32fxqi_wwdg.o(.ARM.exidx.text.WWDG_Enable), (8 bytes).
    Removing mdr32fxqi_wwdg.o(.text.WWDG_GetFlagStatus), (12 bytes).
    Removing mdr32fxqi_wwdg.o(.ARM.exidx.text.WWDG_GetFlagStatus), (8 bytes).
    Removing mdr32fxqi_wwdg.o(.text.WWDG_ClearFlag), (12 bytes).
    Removing mdr32fxqi_wwdg.o(.ARM.exidx.text.WWDG_ClearFlag), (8 bytes).
    Removing mdr32f9q2i_it.o(.text), (0 bytes).
    Removing mdr32f9q2i_it.o(.ARM.exidx.text.HardFault_Handler), (8 bytes).
    Removing mdr32f9q2i_it.o(.ARM.exidx.text.MemManage_Handler), (8 bytes).
    Removing mdr32f9q2i_it.o(.ARM.exidx.text.BusFault_Handler), (8 bytes).
    Removing mdr32f9q2i_it.o(.ARM.exidx.text.UsageFault_Handler), (8 bytes).
    Removing mdr32f9q2i_it.o(.ARM.exidx.text.SVC_Handler), (8 bytes).
    Removing mdr32f9q2i_it.o(.ARM.exidx.text.DebugMon_Handler), (8 bytes).
    Removing mdr32f9q2i_it.o(.ARM.exidx.text.PendSV_Handler), (8 bytes).
    Removing mdr32f9q2i_it.o(.ARM.exidx.text.SysTick_Handler), (8 bytes).
    Removing mdr32f9q2i_it.o(.ARM.exidx.text.CAN1_IRQHandler), (8 bytes).
    Removing mdr32f9q2i_it.o(.ARM.exidx.text.CAN2_IRQHandler), (8 bytes).
    Removing mdr32f9q2i_it.o(.ARM.exidx.text.USB_IRQHandler), (8 bytes).
    Removing mdr32f9q2i_it.o(.ARM.exidx.text.DMA_IRQHandler), (8 bytes).
    Removing mdr32f9q2i_it.o(.ARM.exidx.text.UART1_IRQHandler), (8 bytes).
    Removing mdr32f9q2i_it.o(.ARM.exidx.text.UART2_IRQHandler), (8 bytes).
    Removing mdr32f9q2i_it.o(.ARM.exidx.text.SSP1_IRQHandler), (8 bytes).
    Removing mdr32f9q2i_it.o(.ARM.exidx.text.I2C_IRQHandler), (8 bytes).
    Removing mdr32f9q2i_it.o(.ARM.exidx.text.POWER_IRQHandler), (8 bytes).
    Removing mdr32f9q2i_it.o(.ARM.exidx.text.WWDG_IRQHandler), (8 bytes).
    Removing mdr32f9q2i_it.o(.ARM.exidx.text.Timer1_IRQHandler), (8 bytes).
    Removing mdr32f9q2i_it.o(.ARM.exidx.text.Timer2_IRQHandler), (8 bytes).
    Removing mdr32f9q2i_it.o(.ARM.exidx.text.Timer3_IRQHandler), (8 bytes).
    Removing mdr32f9q2i_it.o(.ARM.exidx.text.ADC_IRQHandler), (8 bytes).
    Removing mdr32f9q2i_it.o(.ARM.exidx.text.COMPARATOR_IRQHandler), (8 bytes).
    Removing mdr32f9q2i_it.o(.ARM.exidx.text.SSP2_IRQHandler), (8 bytes).
    Removing mdr32f9q2i_it.o(.ARM.exidx.text.BACKUP_IRQHandler), (8 bytes).
    Removing mdr32f9q2i_it.o(.ARM.exidx.text.EXT_INT1_IRQHandler), (8 bytes).
    Removing mdr32f9q2i_it.o(.ARM.exidx.text.EXT_INT2_IRQHandler), (8 bytes).
    Removing mdr32f9q2i_it.o(.ARM.exidx.text.EXT_INT3_IRQHandler), (8 bytes).
    Removing mdr32f9q2i_it.o(.ARM.exidx.text.EXT_INT4_IRQHandler), (8 bytes).

834 unused section(s) (total 25544 bytes) removed from the image.

==============================================================================

Image Symbol Table

    Local Symbols

    Symbol Name                              Value     Ov Type        Size  Object(Section)

    ../clib/angel/boardlib.s                 0x00000000   Number         0  boardinit1.o ABSOLUTE
    ../clib/angel/boardlib.s                 0x00000000   Number         0  boardinit2.o ABSOLUTE
    ../clib/angel/boardlib.s                 0x00000000   Number         0  boardinit3.o ABSOLUTE
    ../clib/angel/boardlib.s                 0x00000000   Number         0  boardshut.o ABSOLUTE
    ../clib/angel/handlers.s                 0x00000000   Number         0  __scatter_copy.o ABSOLUTE
    ../clib/angel/handlers.s                 0x00000000   Number         0  __scatter_zi.o ABSOLUTE
    ../clib/angel/kernel.s                   0x00000000   Number         0  __rtentry.o ABSOLUTE
    ../clib/angel/kernel.s                   0x00000000   Number         0  __rtentry2.o ABSOLUTE
    ../clib/angel/kernel.s                   0x00000000   Number         0  __rtentry4.o ABSOLUTE
    ../clib/angel/kernel.s                   0x00000000   Number         0  rtexit.o ABSOLUTE
    ../clib/angel/kernel.s                   0x00000000   Number         0  rtexit2.o ABSOLUTE
    ../clib/angel/rt.s                       0x00000000   Number         0  rt_raise.o ABSOLUTE
    ../clib/angel/scatter.s                  0x00000000   Number         0  __scatter.o ABSOLUTE
    ../clib/angel/startup.s                  0x00000000   Number         0  __main.o ABSOLUTE
    ../clib/angel/sys.s                      0x00000000   Number         0  sys_stackheap_outer.o ABSOLUTE
    ../clib/angel/sys.s                      0x00000000   Number         0  libspace.o ABSOLUTE
    ../clib/angel/sys.s                      0x00000000   Number         0  use_no_semi.o ABSOLUTE
    ../clib/angel/sys.s                      0x00000000   Number         0  indicate_semi.o ABSOLUTE
    ../clib/angel/sysapp.c                   0x00000000   Number         0  sys_exit.o ABSOLUTE
    ../clib/angel/sysapp.c                   0x00000000   Number         0  sys_exit_hlt.o ABSOLUTE
    ../clib/angel/sysapp.c                   0x00000000   Number         0  sys_command.o ABSOLUTE
    ../clib/angel/sysapp.c                   0x00000000   Number         0  sys_command_hlt.o ABSOLUTE
    ../clib/angel/sysapp.c                   0x00000000   Number         0  sys_wrch.o ABSOLUTE
    ../clib/angel/sysapp.c                   0x00000000   Number         0  sys_wrch_hlt.o ABSOLUTE
    ../clib/armsys.c                         0x00000000   Number         0  argv_veneer.o ABSOLUTE
    ../clib/armsys.c                         0x00000000   Number         0  argv_veneer.o ABSOLUTE
    ../clib/armsys.c                         0x00000000   Number         0  _get_argv_nomalloc.o ABSOLUTE
    ../clib/armsys.c                         0x00000000   Number         0  no_argv.o ABSOLUTE
    ../clib/heapalloc.c                      0x00000000   Number         0  hrguard.o ABSOLUTE
    ../clib/heapaux.c                        0x00000000   Number         0  heapauxi.o ABSOLUTE
    ../clib/libinit.s                        0x00000000   Number         0  libinit.o ABSOLUTE
    ../clib/libinit.s                        0x00000000   Number         0  libinit2.o ABSOLUTE
    ../clib/libinit.s                        0x00000000   Number         0  libshutdown.o ABSOLUTE
    ../clib/libinit.s                        0x00000000   Number         0  libshutdown2.o ABSOLUTE
    ../clib/signal.c                         0x00000000   Number         0  defsig_rtmem_outer.o ABSOLUTE
    ../clib/signal.c                         0x00000000   Number         0  defsig_rtmem_formal.o ABSOLUTE
    ../clib/signal.c                         0x00000000   Number         0  defsig_exit.o ABSOLUTE
    ../clib/signal.c                         0x00000000   Number         0  defsig_rtmem_inner.o ABSOLUTE
    ../clib/signal.c                         0x00000000   Number         0  __raise.o ABSOLUTE
    ../clib/signal.c                         0x00000000   Number         0  defsig_general.o ABSOLUTE
    ../clib/signal.c                         0x00000000   Number         0  defsig_abrt_inner.o ABSOLUTE
    ../clib/signal.c                         0x00000000   Number         0  defsig_fpe_inner.o ABSOLUTE
    ../clib/signal.c                         0x00000000   Number         0  defsig_rtred_inner.o ABSOLUTE
    ../clib/signal.c                         0x00000000   Number         0  defsig_stak_inner.o ABSOLUTE
    ../clib/signal.c                         0x00000000   Number         0  defsig_pvfn_inner.o ABSOLUTE
    ../clib/signal.c                         0x00000000   Number         0  defsig_cppl_inner.o ABSOLUTE
    ../clib/signal.c                         0x00000000   Number         0  defsig_segv_inner.o ABSOLUTE
    ../clib/signal.c                         0x00000000   Number         0  defsig_other.o ABSOLUTE
    ../clib/signal.s                         0x00000000   Number         0  defsig.o ABSOLUTE
    ../clib/stdlib.c                         0x00000000   Number         0  exit.o ABSOLUTE
    ../fplib/fpinit.s                        0x00000000   Number         0  fpinit.o ABSOLUTE
    ../fplib/fpinit_empty.s                  0x00000000   Number         0  fpinit_empty.o ABSOLUTE
    CMSIS\MDR32FxQI\DeviceSupport\MDR32F9Q2I\startup\arm\startup_MDR32F9Q2I.S 0x00000000   Number         0  startup_mdr32f9q2i.o ABSOLUTE
    MDR32F9Q2I_IT.c                          0x00000000   Number         0  mdr32f9q2i_it.o ABSOLUTE
    MDR32FxQI_adc.c                          0x00000000   Number         0  mdr32fxqi_adc.o ABSOLUTE
    MDR32FxQI_audio.c                        0x00000000   Number         0  mdr32fxqi_audio.o ABSOLUTE
    MDR32FxQI_bkp.c                          0x00000000   Number         0  mdr32fxqi_bkp.o ABSOLUTE
    MDR32FxQI_can.c                          0x00000000   Number         0  mdr32fxqi_can.o ABSOLUTE
    MDR32FxQI_comp.c                         0x00000000   Number         0  mdr32fxqi_comp.o ABSOLUTE
    MDR32FxQI_dac.c                          0x00000000   Number         0  mdr32fxqi_dac.o ABSOLUTE
    MDR32FxQI_dma.c                          0x00000000   Number         0  mdr32fxqi_dma.o ABSOLUTE
    MDR32FxQI_dsp.c                          0x00000000   Number         0  mdr32fxqi_dsp.o ABSOLUTE
    MDR32FxQI_ebc.c                          0x00000000   Number         0  mdr32fxqi_ebc.o ABSOLUTE
    MDR32FxQI_eeprom.c                       0x00000000   Number         0  mdr32fxqi_eeprom.o ABSOLUTE
    MDR32FxQI_eth.c                          0x00000000   Number         0  mdr32fxqi_eth.o ABSOLUTE
    MDR32FxQI_i2c.c                          0x00000000   Number         0  mdr32fxqi_i2c.o ABSOLUTE
    MDR32FxQI_iwdg.c                         0x00000000   Number         0  mdr32fxqi_iwdg.o ABSOLUTE
    MDR32FxQI_port.c                         0x00000000   Number         0  mdr32fxqi_port.o ABSOLUTE
    MDR32FxQI_power.c                        0x00000000   Number         0  mdr32fxqi_power.o ABSOLUTE
    MDR32FxQI_rst_clk.c                      0x00000000   Number         0  mdr32fxqi_rst_clk.o ABSOLUTE
    MDR32FxQI_sdio.c                         0x00000000   Number         0  mdr32fxqi_sdio.o ABSOLUTE
    MDR32FxQI_ssp.c                          0x00000000   Number         0  mdr32fxqi_ssp.o ABSOLUTE
    MDR32FxQI_timer.c                        0x00000000   Number         0  mdr32fxqi_timer.o ABSOLUTE
    MDR32FxQI_uart.c                         0x00000000   Number         0  mdr32fxqi_uart.o ABSOLUTE
    MDR32FxQI_usb.c                          0x00000000   Number         0  mdr32fxqi_usb.o ABSOLUTE
    MDR32FxQI_utils.c                        0x00000000   Number         0  mdr32fxqi_utils.o ABSOLUTE
    MDR32FxQI_wwdg.c                         0x00000000   Number         0  mdr32fxqi_wwdg.o ABSOLUTE
    dc.s                                     0x00000000   Number         0  dc.o ABSOLUTE
    main.c                                   0x00000000   Number         0  main.o ABSOLUTE
    src\MDR32FxQI_asm.S                      0x00000000   Number         0  mdr32fxqi_asm.o ABSOLUTE
    system_MDR32F9Q2I.c                      0x00000000   Number         0  system_mdr32f9q2i.o ABSOLUTE
    RESET                                    0x08000000   Section      192  startup_mdr32f9q2i.o(RESET)
    !!!main                                  0x080000c0   Section        8  __main.o(!!!main)
    !!!scatter                               0x080000c8   Section       52  __scatter.o(!!!scatter)
    !!handler_copy                           0x080000fc   Section       26  __scatter_copy.o(!!handler_copy)
    !!handler_zi                             0x08000118   Section       28  __scatter_zi.o(!!handler_zi)
    .ARM.Collect$$libinit$$00000000          0x08000134   Section        2  libinit.o(.ARM.Collect$$libinit$$00000000)
    .ARM.Collect$$libinit$$00000002          0x08000136   Section        0  libinit2.o(.ARM.Collect$$libinit$$00000002)
    .ARM.Collect$$libinit$$00000004          0x08000136   Section        0  libinit2.o(.ARM.Collect$$libinit$$00000004)
    .ARM.Collect$$libinit$$00000006          0x08000136   Section        0  libinit2.o(.ARM.Collect$$libinit$$00000006)
    .ARM.Collect$$libinit$$0000000C          0x08000136   Section        0  libinit2.o(.ARM.Collect$$libinit$$0000000C)
    .ARM.Collect$$libinit$$0000000E          0x08000136   Section        0  libinit2.o(.ARM.Collect$$libinit$$0000000E)
    .ARM.Collect$$libinit$$00000010          0x08000136   Section        0  libinit2.o(.ARM.Collect$$libinit$$00000010)
    .ARM.Collect$$libinit$$00000013          0x08000136   Section        0  libinit2.o(.ARM.Collect$$libinit$$00000013)
    .ARM.Collect$$libinit$$00000015          0x08000136   Section        0  libinit2.o(.ARM.Collect$$libinit$$00000015)
    .ARM.Collect$$libinit$$00000017          0x08000136   Section        0  libinit2.o(.ARM.Collect$$libinit$$00000017)
    .ARM.Collect$$libinit$$00000019          0x08000136   Section        0  libinit2.o(.ARM.Collect$$libinit$$00000019)
    .ARM.Collect$$libinit$$0000001B          0x08000136   Section        0  libinit2.o(.ARM.Collect$$libinit$$0000001B)
    .ARM.Collect$$libinit$$0000001D          0x08000136   Section        0  libinit2.o(.ARM.Collect$$libinit$$0000001D)
    .ARM.Collect$$libinit$$0000001F          0x08000136   Section        0  libinit2.o(.ARM.Collect$$libinit$$0000001F)
    .ARM.Collect$$libinit$$00000021          0x08000136   Section        0  libinit2.o(.ARM.Collect$$libinit$$00000021)
    .ARM.Collect$$libinit$$00000023          0x08000136   Section        0  libinit2.o(.ARM.Collect$$libinit$$00000023)
    .ARM.Collect$$libinit$$00000025          0x08000136   Section        0  libinit2.o(.ARM.Collect$$libinit$$00000025)
    .ARM.Collect$$libinit$$00000027          0x08000136   Section        0  libinit2.o(.ARM.Collect$$libinit$$00000027)
    .ARM.Collect$$libinit$$0000002E          0x08000136   Section        0  libinit2.o(.ARM.Collect$$libinit$$0000002E)
    .ARM.Collect$$libinit$$00000030          0x08000136   Section        0  libinit2.o(.ARM.Collect$$libinit$$00000030)
    .ARM.Collect$$libinit$$00000032          0x08000136   Section        0  libinit2.o(.ARM.Collect$$libinit$$00000032)
    .ARM.Collect$$libinit$$00000034          0x08000136   Section        0  libinit2.o(.ARM.Collect$$libinit$$00000034)
    .ARM.Collect$$libinit$$00000035          0x08000136   Section        2  libinit2.o(.ARM.Collect$$libinit$$00000035)
    .ARM.Collect$$libshutdown$$00000000      0x08000138   Section        2  libshutdown.o(.ARM.Collect$$libshutdown$$00000000)
    .ARM.Collect$$libshutdown$$00000002      0x0800013a   Section        0  libshutdown2.o(.ARM.Collect$$libshutdown$$00000002)
    .ARM.Collect$$libshutdown$$00000004      0x0800013a   Section        0  libshutdown2.o(.ARM.Collect$$libshutdown$$00000004)
    .ARM.Collect$$libshutdown$$00000007      0x0800013a   Section        0  libshutdown2.o(.ARM.Collect$$libshutdown$$00000007)
    .ARM.Collect$$libshutdown$$0000000A      0x0800013a   Section        0  libshutdown2.o(.ARM.Collect$$libshutdown$$0000000A)
    .ARM.Collect$$libshutdown$$0000000C      0x0800013a   Section        0  libshutdown2.o(.ARM.Collect$$libshutdown$$0000000C)
    .ARM.Collect$$libshutdown$$0000000F      0x0800013a   Section        0  libshutdown2.o(.ARM.Collect$$libshutdown$$0000000F)
    .ARM.Collect$$libshutdown$$00000010      0x0800013a   Section        2  libshutdown2.o(.ARM.Collect$$libshutdown$$00000010)
    .ARM.Collect$$rtentry$$00000000          0x0800013c   Section        0  __rtentry.o(.ARM.Collect$$rtentry$$00000000)
    .ARM.Collect$$rtentry$$00000002          0x0800013c   Section        0  __rtentry2.o(.ARM.Collect$$rtentry$$00000002)
    .ARM.Collect$$rtentry$$00000004          0x0800013c   Section        6  __rtentry4.o(.ARM.Collect$$rtentry$$00000004)
    .ARM.Collect$$rtentry$$00000009          0x08000142   Section        0  __rtentry2.o(.ARM.Collect$$rtentry$$00000009)
    .ARM.Collect$$rtentry$$0000000A          0x08000142   Section        4  __rtentry2.o(.ARM.Collect$$rtentry$$0000000A)
    .ARM.Collect$$rtentry$$0000000C          0x08000146   Section        0  __rtentry2.o(.ARM.Collect$$rtentry$$0000000C)
    .ARM.Collect$$rtentry$$0000000D          0x08000146   Section        8  __rtentry2.o(.ARM.Collect$$rtentry$$0000000D)
    .ARM.Collect$$rtexit$$00000000           0x0800014e   Section        2  rtexit.o(.ARM.Collect$$rtexit$$00000000)
    .ARM.Collect$$rtexit$$00000002           0x08000150   Section        0  rtexit2.o(.ARM.Collect$$rtexit$$00000002)
    .ARM.Collect$$rtexit$$00000003           0x08000150   Section        4  rtexit2.o(.ARM.Collect$$rtexit$$00000003)
    .ARM.Collect$$rtexit$$00000004           0x08000154   Section        6  rtexit2.o(.ARM.Collect$$rtexit$$00000004)
    .text                                    0x0800015c   Section      104  startup_mdr32f9q2i.o(.text)
    .text                                    0x080001c4   Section        0  heapauxi.o(.text)
    .text                                    0x080001ca   Section       74  sys_stackheap_outer.o(.text)
    .text                                    0x08000214   Section        0  exit.o(.text)
    .text                                    0x08000228   Section        8  libspace.o(.text)
    .text                                    0x08000230   Section        0  sys_exit.o(.text)
    .text                                    0x0800023c   Section        2  use_no_semi.o(.text)
    .text                                    0x0800023e   Section        0  indicate_semi.o(.text)
    [Anonymous Symbol]                       0x08000240   Section        0  mdr32f9q2i_it.o(.text.ADC_IRQHandler)
    [Anonymous Symbol]                       0x08000244   Section        0  mdr32f9q2i_it.o(.text.BACKUP_IRQHandler)
    [Anonymous Symbol]                       0x08000248   Section        0  mdr32f9q2i_it.o(.text.BusFault_Handler)
    [Anonymous Symbol]                       0x0800024c   Section        0  mdr32f9q2i_it.o(.text.CAN1_IRQHandler)
    [Anonymous Symbol]                       0x08000250   Section        0  mdr32f9q2i_it.o(.text.CAN2_IRQHandler)
    [Anonymous Symbol]                       0x08000254   Section        0  mdr32f9q2i_it.o(.text.COMPARATOR_IRQHandler)
    [Anonymous Symbol]                       0x08000258   Section        0  mdr32f9q2i_it.o(.text.DMA_IRQHandler)
    [Anonymous Symbol]                       0x0800025c   Section        0  mdr32f9q2i_it.o(.text.DebugMon_Handler)
    [Anonymous Symbol]                       0x08000260   Section        0  mdr32f9q2i_it.o(.text.EXT_INT1_IRQHandler)
    [Anonymous Symbol]                       0x08000264   Section        0  mdr32f9q2i_it.o(.text.EXT_INT2_IRQHandler)
    [Anonymous Symbol]                       0x08000268   Section        0  mdr32f9q2i_it.o(.text.EXT_INT3_IRQHandler)
    [Anonymous Symbol]                       0x0800026c   Section        0  mdr32f9q2i_it.o(.text.EXT_INT4_IRQHandler)
    [Anonymous Symbol]                       0x08000270   Section        0  mdr32f9q2i_it.o(.text.HardFault_Handler)
    [Anonymous Symbol]                       0x08000274   Section        0  mdr32f9q2i_it.o(.text.I2C_IRQHandler)
    [Anonymous Symbol]                       0x08000278   Section        0  mdr32f9q2i_it.o(.text.MemManage_Handler)
    [Anonymous Symbol]                       0x0800027c   Section        0  mdr32fxqi_port.o(.text.PORT_Init)
    [Anonymous Symbol]                       0x08000418   Section        0  mdr32fxqi_port.o(.text.PORT_ReadInputDataBit)
    [Anonymous Symbol]                       0x08000448   Section        0  mdr32fxqi_port.o(.text.PORT_ResetBits)
    [Anonymous Symbol]                       0x0800046c   Section        0  mdr32fxqi_port.o(.text.PORT_SetBits)
    [Anonymous Symbol]                       0x08000494   Section        0  mdr32f9q2i_it.o(.text.POWER_IRQHandler)
    [Anonymous Symbol]                       0x08000498   Section        0  mdr32f9q2i_it.o(.text.PendSV_Handler)
    [Anonymous Symbol]                       0x0800049c   Section        0  mdr32fxqi_rst_clk.o(.text.RST_CLK_PCLKcmd)
    [Anonymous Symbol]                       0x080004d0   Section        0  mdr32f9q2i_it.o(.text.SSP1_IRQHandler)
    [Anonymous Symbol]                       0x080004d4   Section        0  mdr32f9q2i_it.o(.text.SSP2_IRQHandler)
    [Anonymous Symbol]                       0x080004d8   Section        0  mdr32f9q2i_it.o(.text.SVC_Handler)
    [Anonymous Symbol]                       0x080004dc   Section        0  mdr32f9q2i_it.o(.text.SysTick_Handler)
    [Anonymous Symbol]                       0x080004e0   Section        0  system_mdr32f9q2i.o(.text.SystemCoreClockUpdate)
    [Anonymous Symbol]                       0x080005d0   Section        0  system_mdr32f9q2i.o(.text.SystemInit)
    [Anonymous Symbol]                       0x08000648   Section        0  mdr32f9q2i_it.o(.text.Timer1_IRQHandler)
    [Anonymous Symbol]                       0x0800064c   Section        0  mdr32f9q2i_it.o(.text.Timer2_IRQHandler)
    [Anonymous Symbol]                       0x08000650   Section        0  mdr32f9q2i_it.o(.text.Timer3_IRQHandler)
    [Anonymous Symbol]                       0x08000654   Section        0  mdr32f9q2i_it.o(.text.UART1_IRQHandler)
    [Anonymous Symbol]                       0x08000658   Section        0  mdr32f9q2i_it.o(.text.UART2_IRQHandler)
    [Anonymous Symbol]                       0x0800065c   Section        0  mdr32f9q2i_it.o(.text.USB_IRQHandler)
    [Anonymous Symbol]                       0x08000660   Section        0  mdr32f9q2i_it.o(.text.UsageFault_Handler)
    [Anonymous Symbol]                       0x08000664   Section        0  mdr32f9q2i_it.o(.text.WWDG_IRQHandler)
    [Anonymous Symbol]                       0x08000668   Section        0  main.o(.text.main)
    .bss                                     0x20000008   Section       96  libspace.o(.bss)
    PortInit                                 0x20000068   Data          12  main.o(.bss.PortInit)
    [Anonymous Symbol]                       0x20000068   Section        0  main.o(.bss.PortInit)
    Heap_Mem                                 0x20000078   Data         512  startup_mdr32f9q2i.o(HEAP)
    HEAP                                     0x20000078   Section      512  startup_mdr32f9q2i.o(HEAP)
    Stack_Mem                                0x20000278   Data        1024  startup_mdr32f9q2i.o(STACK)
    STACK                                    0x20000278   Section     1024  startup_mdr32f9q2i.o(STACK)
    __initial_sp                             0x20000678   Data           0  startup_mdr32f9q2i.o(STACK)

    Global Symbols

    Symbol Name                              Value     Ov Type        Size  Object(Section)

    BuildAttributes$$THM_ISAv4$P$D$K$B$S$PE$A:L22UL41UL21$X:L11$S22US41US21$IEEE1$IW$~IW$USESV6$~STKCKD$USESV7$~SHL$OSPACE$ROPI$EBA8$UX$STANDARDLIB$REQ8$PRES8$EABIv2 0x00000000   Number         0  anon$$obj.o ABSOLUTE
    __fp_init_empty                          0x00000000   Number         0  fpinit_empty.o ABSOLUTE
    __ARM_exceptions_init                     - Undefined Weak Reference
    __alloca_initialize                       - Undefined Weak Reference
    __arm_preinit_                            - Undefined Weak Reference
    __arm_relocate_pie_                       - Undefined Weak Reference
    __cpp_initialize__aeabi_                  - Undefined Weak Reference
    __cxa_finalize                            - Undefined Weak Reference
    __rt_locale                               - Undefined Weak Reference
    __sigvec_lookup                           - Undefined Weak Reference
    _atexit_init                              - Undefined Weak Reference
    _call_atexit_fns                          - Undefined Weak Reference
    _clock_init                               - Undefined Weak Reference
    _fp_trap_init                             - Undefined Weak Reference
    _fp_trap_shutdown                         - Undefined Weak Reference
    _get_lc_collate                           - Undefined Weak Reference
    _get_lc_ctype                             - Undefined Weak Reference
    _get_lc_monetary                          - Undefined Weak Reference
    _get_lc_numeric                           - Undefined Weak Reference
    _get_lc_time                              - Undefined Weak Reference
    _getenv_init                              - Undefined Weak Reference
    _handle_redirection                       - Undefined Weak Reference
    _init_alloc                               - Undefined Weak Reference
    _init_user_alloc                          - Undefined Weak Reference
    _initio                                   - Undefined Weak Reference
    _rand_init                                - Undefined Weak Reference
    _signal_finish                            - Undefined Weak Reference
    _signal_init                              - Undefined Weak Reference
    _terminate_alloc                          - Undefined Weak Reference
    _terminate_user_alloc                     - Undefined Weak Reference
    _terminateio                              - Undefined Weak Reference
    __Vectors_Size                           0x000000c0   Number         0  startup_mdr32f9q2i.o ABSOLUTE
    __Vectors                                0x08000000   Data           4  startup_mdr32f9q2i.o(RESET)
    __Vectors_End                            0x080000c0   Data           0  startup_mdr32f9q2i.o(RESET)
    __main                                   0x080000c1   Thumb Code     8  __main.o(!!!main)
    __scatterload                            0x080000c9   Thumb Code     0  __scatter.o(!!!scatter)
    __scatterload_rt2                        0x080000c9   Thumb Code    44  __scatter.o(!!!scatter)
    __scatterload_rt2_thumb_only             0x080000c9   Thumb Code     0  __scatter.o(!!!scatter)
    __scatterload_null                       0x080000d7   Thumb Code     0  __scatter.o(!!!scatter)
    __scatterload_copy                       0x080000fd   Thumb Code    26  __scatter_copy.o(!!handler_copy)
    __scatterload_zeroinit                   0x08000119   Thumb Code    28  __scatter_zi.o(!!handler_zi)
    __rt_lib_init                            0x08000135   Thumb Code     0  libinit.o(.ARM.Collect$$libinit$$00000000)
    __rt_lib_init_alloca_1                   0x08000137   Thumb Code     0  libinit2.o(.ARM.Collect$$libinit$$00000030)
    __rt_lib_init_argv_1                     0x08000137   Thumb Code     0  libinit2.o(.ARM.Collect$$libinit$$0000002E)
    __rt_lib_init_atexit_1                   0x08000137   Thumb Code     0  libinit2.o(.ARM.Collect$$libinit$$0000001D)
    __rt_lib_init_clock_1                    0x08000137   Thumb Code     0  libinit2.o(.ARM.Collect$$libinit$$00000023)
    __rt_lib_init_cpp_1                      0x08000137   Thumb Code     0  libinit2.o(.ARM.Collect$$libinit$$00000034)
    __rt_lib_init_exceptions_1               0x08000137   Thumb Code     0  libinit2.o(.ARM.Collect$$libinit$$00000032)
    __rt_lib_init_fp_1                       0x08000137   Thumb Code     0  libinit2.o(.ARM.Collect$$libinit$$00000002)
    __rt_lib_init_fp_trap_1                  0x08000137   Thumb Code     0  libinit2.o(.ARM.Collect$$libinit$$00000021)
    __rt_lib_init_getenv_1                   0x08000137   Thumb Code     0  libinit2.o(.ARM.Collect$$libinit$$00000025)
    __rt_lib_init_heap_1                     0x08000137   Thumb Code     0  libinit2.o(.ARM.Collect$$libinit$$0000000C)
    __rt_lib_init_lc_collate_1               0x08000137   Thumb Code     0  libinit2.o(.ARM.Collect$$libinit$$00000013)
    __rt_lib_init_lc_ctype_1                 0x08000137   Thumb Code     0  libinit2.o(.ARM.Collect$$libinit$$00000015)
    __rt_lib_init_lc_monetary_1              0x08000137   Thumb Code     0  libinit2.o(.ARM.Collect$$libinit$$00000017)
    __rt_lib_init_lc_numeric_1               0x08000137   Thumb Code     0  libinit2.o(.ARM.Collect$$libinit$$00000019)
    __rt_lib_init_lc_time_1                  0x08000137   Thumb Code     0  libinit2.o(.ARM.Collect$$libinit$$0000001B)
    __rt_lib_init_preinit_1                  0x08000137   Thumb Code     0  libinit2.o(.ARM.Collect$$libinit$$00000006)
    __rt_lib_init_rand_1                     0x08000137   Thumb Code     0  libinit2.o(.ARM.Collect$$libinit$$00000010)
    __rt_lib_init_relocate_pie_1             0x08000137   Thumb Code     0  libinit2.o(.ARM.Collect$$libinit$$00000004)
    __rt_lib_init_return                     0x08000137   Thumb Code     0  libinit2.o(.ARM.Collect$$libinit$$00000035)
    __rt_lib_init_signal_1                   0x08000137   Thumb Code     0  libinit2.o(.ARM.Collect$$libinit$$0000001F)
    __rt_lib_init_stdio_1                    0x08000137   Thumb Code     0  libinit2.o(.ARM.Collect$$libinit$$00000027)
    __rt_lib_init_user_alloc_1               0x08000137   Thumb Code     0  libinit2.o(.ARM.Collect$$libinit$$0000000E)
    __rt_lib_shutdown                        0x08000139   Thumb Code     0  libshutdown.o(.ARM.Collect$$libshutdown$$00000000)
    __rt_lib_shutdown_cpp_1                  0x0800013b   Thumb Code     0  libshutdown2.o(.ARM.Collect$$libshutdown$$00000002)
    __rt_lib_shutdown_fp_trap_1              0x0800013b   Thumb Code     0  libshutdown2.o(.ARM.Collect$$libshutdown$$00000007)
    __rt_lib_shutdown_heap_1                 0x0800013b   Thumb Code     0  libshutdown2.o(.ARM.Collect$$libshutdown$$0000000F)
    __rt_lib_shutdown_return                 0x0800013b   Thumb Code     0  libshutdown2.o(.ARM.Collect$$libshutdown$$00000010)
    __rt_lib_shutdown_signal_1               0x0800013b   Thumb Code     0  libshutdown2.o(.ARM.Collect$$libshutdown$$0000000A)
    __rt_lib_shutdown_stdio_1                0x0800013b   Thumb Code     0  libshutdown2.o(.ARM.Collect$$libshutdown$$00000004)
    __rt_lib_shutdown_user_alloc_1           0x0800013b   Thumb Code     0  libshutdown2.o(.ARM.Collect$$libshutdown$$0000000C)
    __rt_entry                               0x0800013d   Thumb Code     0  __rtentry.o(.ARM.Collect$$rtentry$$00000000)
    __rt_entry_presh_1                       0x0800013d   Thumb Code     0  __rtentry2.o(.ARM.Collect$$rtentry$$00000002)
    __rt_entry_sh                            0x0800013d   Thumb Code     0  __rtentry4.o(.ARM.Collect$$rtentry$$00000004)
    __rt_entry_li                            0x08000143   Thumb Code     0  __rtentry2.o(.ARM.Collect$$rtentry$$0000000A)
    __rt_entry_postsh_1                      0x08000143   Thumb Code     0  __rtentry2.o(.ARM.Collect$$rtentry$$00000009)
    __rt_entry_main                          0x08000147   Thumb Code     0  __rtentry2.o(.ARM.Collect$$rtentry$$0000000D)
    __rt_entry_postli_1                      0x08000147   Thumb Code     0  __rtentry2.o(.ARM.Collect$$rtentry$$0000000C)
    __rt_exit                                0x0800014f   Thumb Code     0  rtexit.o(.ARM.Collect$$rtexit$$00000000)
    __rt_exit_ls                             0x08000151   Thumb Code     0  rtexit2.o(.ARM.Collect$$rtexit$$00000003)
    __rt_exit_prels_1                        0x08000151   Thumb Code     0  rtexit2.o(.ARM.Collect$$rtexit$$00000002)
    __rt_exit_exit                           0x08000155   Thumb Code     0  rtexit2.o(.ARM.Collect$$rtexit$$00000004)
    Reset_Handler                            0x0800015d   Thumb Code     8  startup_mdr32f9q2i.o(.text)
    NMI_Handler                              0x08000165   Thumb Code     2  startup_mdr32f9q2i.o(.text)
    __user_initial_stackheap                 0x080001a1   Thumb Code     0  startup_mdr32f9q2i.o(.text)
    __use_two_region_memory                  0x080001c5   Thumb Code     2  heapauxi.o(.text)
    __rt_heap_escrow$2region                 0x080001c7   Thumb Code     2  heapauxi.o(.text)
    __rt_heap_expand$2region                 0x080001c9   Thumb Code     2  heapauxi.o(.text)
    __user_setup_stackheap                   0x080001cb   Thumb Code    74  sys_stackheap_outer.o(.text)
    exit                                     0x08000215   Thumb Code    18  exit.o(.text)
    __user_libspace                          0x08000229   Thumb Code     8  libspace.o(.text)
    __user_perproc_libspace                  0x08000229   Thumb Code     0  libspace.o(.text)
    __user_perthread_libspace                0x08000229   Thumb Code     0  libspace.o(.text)
    _sys_exit                                0x08000231   Thumb Code     8  sys_exit.o(.text)
    __I$use$semihosting                      0x0800023d   Thumb Code     0  use_no_semi.o(.text)
    __use_no_semihosting_swi                 0x0800023d   Thumb Code     2  use_no_semi.o(.text)
    __semihosting_library_function           0x0800023f   Thumb Code     0  indicate_semi.o(.text)
    ADC_IRQHandler                           0x08000241   Thumb Code     2  mdr32f9q2i_it.o(.text.ADC_IRQHandler)
    BACKUP_IRQHandler                        0x08000245   Thumb Code     2  mdr32f9q2i_it.o(.text.BACKUP_IRQHandler)
    BusFault_Handler                         0x08000249   Thumb Code     2  mdr32f9q2i_it.o(.text.BusFault_Handler)
    CAN1_IRQHandler                          0x0800024d   Thumb Code     2  mdr32f9q2i_it.o(.text.CAN1_IRQHandler)
    CAN2_IRQHandler                          0x08000251   Thumb Code     2  mdr32f9q2i_it.o(.text.CAN2_IRQHandler)
    COMPARATOR_IRQHandler                    0x08000255   Thumb Code     2  mdr32f9q2i_it.o(.text.COMPARATOR_IRQHandler)
    DMA_IRQHandler                           0x08000259   Thumb Code     2  mdr32f9q2i_it.o(.text.DMA_IRQHandler)
    DebugMon_Handler                         0x0800025d   Thumb Code     2  mdr32f9q2i_it.o(.text.DebugMon_Handler)
    EXT_INT1_IRQHandler                      0x08000261   Thumb Code     2  mdr32f9q2i_it.o(.text.EXT_INT1_IRQHandler)
    EXT_INT2_IRQHandler                      0x08000265   Thumb Code     2  mdr32f9q2i_it.o(.text.EXT_INT2_IRQHandler)
    EXT_INT3_IRQHandler                      0x08000269   Thumb Code     2  mdr32f9q2i_it.o(.text.EXT_INT3_IRQHandler)
    EXT_INT4_IRQHandler                      0x0800026d   Thumb Code     2  mdr32f9q2i_it.o(.text.EXT_INT4_IRQHandler)
    HardFault_Handler                        0x08000271   Thumb Code     2  mdr32f9q2i_it.o(.text.HardFault_Handler)
    I2C_IRQHandler                           0x08000275   Thumb Code     2  mdr32f9q2i_it.o(.text.I2C_IRQHandler)
    MemManage_Handler                        0x08000279   Thumb Code     2  mdr32f9q2i_it.o(.text.MemManage_Handler)
    PORT_Init                                0x0800027d   Thumb Code   412  mdr32fxqi_port.o(.text.PORT_Init)
    PORT_ReadInputDataBit                    0x08000419   Thumb Code    46  mdr32fxqi_port.o(.text.PORT_ReadInputDataBit)
    PORT_ResetBits                           0x08000449   Thumb Code    36  mdr32fxqi_port.o(.text.PORT_ResetBits)
    PORT_SetBits                             0x0800046d   Thumb Code    38  mdr32fxqi_port.o(.text.PORT_SetBits)
    POWER_IRQHandler                         0x08000495   Thumb Code     2  mdr32f9q2i_it.o(.text.POWER_IRQHandler)
    PendSV_Handler                           0x08000499   Thumb Code     2  mdr32f9q2i_it.o(.text.PendSV_Handler)
    RST_CLK_PCLKcmd                          0x0800049d   Thumb Code    52  mdr32fxqi_rst_clk.o(.text.RST_CLK_PCLKcmd)
    SSP1_IRQHandler                          0x080004d1   Thumb Code     2  mdr32f9q2i_it.o(.text.SSP1_IRQHandler)
    SSP2_IRQHandler                          0x080004d5   Thumb Code     2  mdr32f9q2i_it.o(.text.SSP2_IRQHandler)
    SVC_Handler                              0x080004d9   Thumb Code     2  mdr32f9q2i_it.o(.text.SVC_Handler)
    SysTick_Handler                          0x080004dd   Thumb Code     2  mdr32f9q2i_it.o(.text.SysTick_Handler)
    SystemCoreClockUpdate                    0x080004e1   Thumb Code   238  system_mdr32f9q2i.o(.text.SystemCoreClockUpdate)
    SystemInit                               0x080005d1   Thumb Code   118  system_mdr32f9q2i.o(.text.SystemInit)
    Timer1_IRQHandler                        0x08000649   Thumb Code     2  mdr32f9q2i_it.o(.text.Timer1_IRQHandler)
    Timer2_IRQHandler                        0x0800064d   Thumb Code     2  mdr32f9q2i_it.o(.text.Timer2_IRQHandler)
    Timer3_IRQHandler                        0x08000651   Thumb Code     2  mdr32f9q2i_it.o(.text.Timer3_IRQHandler)
    UART1_IRQHandler                         0x08000655   Thumb Code     2  mdr32f9q2i_it.o(.text.UART1_IRQHandler)
    UART2_IRQHandler                         0x08000659   Thumb Code     2  mdr32f9q2i_it.o(.text.UART2_IRQHandler)
    USB_IRQHandler                           0x0800065d   Thumb Code     2  mdr32f9q2i_it.o(.text.USB_IRQHandler)
    UsageFault_Handler                       0x08000661   Thumb Code     2  mdr32f9q2i_it.o(.text.UsageFault_Handler)
    WWDG_IRQHandler                          0x08000665   Thumb Code     2  mdr32f9q2i_it.o(.text.WWDG_IRQHandler)
    main                                     0x08000669   Thumb Code   186  main.o(.text.main)
    Region$$Table$$Base                      0x08000724   Number         0  anon$$obj.o(Region$$Table)
    Region$$Table$$Limit                     0x08000744   Number         0  anon$$obj.o(Region$$Table)
    SystemCoreClock                          0x20000000   Data           4  system_mdr32f9q2i.o(.data.SystemCoreClock)
    __libspace_start                         0x20000008   Data          96  libspace.o(.bss)
    __temporary_stack_top$libspace           0x20000068   Data           0  libspace.o(.bss)



==============================================================================

Memory Map of the image

  Image Entry point : 0x0800015d

  Load Region LR_1 (Base: 0x08000000, Size: 0x00000748, Max: 0xffffffff, ABSOLUTE)

    Execution Region ER_RO (Exec base: 0x08000000, Load base: 0x08000000, Size: 0x00000744, Max: 0xffffffff, ABSOLUTE)

    Exec Addr    Load Addr    Size         Type   Attr      Idx    E Section Name        Object

    0x08000000   0x08000000   0x000000c0   Data   RO           13    RESET               startup_mdr32f9q2i.o
    0x080000c0   0x080000c0   0x00000008   Code   RO         1021  * !!!main             c_w.l(__main.o)
    0x080000c8   0x080000c8   0x00000034   Code   RO         1186    !!!scatter          c_w.l(__scatter.o)
    0x080000fc   0x080000fc   0x0000001a   Code   RO         1188    !!handler_copy      c_w.l(__scatter_copy.o)
    0x08000116   0x08000116   0x00000002   PAD
    0x08000118   0x08000118   0x0000001c   Code   RO         1190    !!handler_zi        c_w.l(__scatter_zi.o)
    0x08000134   0x08000134   0x00000002   Code   RO         1048    .ARM.Collect$$libinit$$00000000  c_w.l(libinit.o)
    0x08000136   0x08000136   0x00000000   Code   RO         1055    .ARM.Collect$$libinit$$00000002  c_w.l(libinit2.o)
    0x08000136   0x08000136   0x00000000   Code   RO         1057    .ARM.Collect$$libinit$$00000004  c_w.l(libinit2.o)
    0x08000136   0x08000136   0x00000000   Code   RO         1059    .ARM.Collect$$libinit$$00000006  c_w.l(libinit2.o)
    0x08000136   0x08000136   0x00000000   Code   RO         1062    .ARM.Collect$$libinit$$0000000C  c_w.l(libinit2.o)
    0x08000136   0x08000136   0x00000000   Code   RO         1064    .ARM.Collect$$libinit$$0000000E  c_w.l(libinit2.o)
    0x08000136   0x08000136   0x00000000   Code   RO         1066    .ARM.Collect$$libinit$$00000010  c_w.l(libinit2.o)
    0x08000136   0x08000136   0x00000000   Code   RO         1069    .ARM.Collect$$libinit$$00000013  c_w.l(libinit2.o)
    0x08000136   0x08000136   0x00000000   Code   RO         1071    .ARM.Collect$$libinit$$00000015  c_w.l(libinit2.o)
    0x08000136   0x08000136   0x00000000   Code   RO         1073    .ARM.Collect$$libinit$$00000017  c_w.l(libinit2.o)
    0x08000136   0x08000136   0x00000000   Code   RO         1075    .ARM.Collect$$libinit$$00000019  c_w.l(libinit2.o)
    0x08000136   0x08000136   0x00000000   Code   RO         1077    .ARM.Collect$$libinit$$0000001B  c_w.l(libinit2.o)
    0x08000136   0x08000136   0x00000000   Code   RO         1079    .ARM.Collect$$libinit$$0000001D  c_w.l(libinit2.o)
    0x08000136   0x08000136   0x00000000   Code   RO         1081    .ARM.Collect$$libinit$$0000001F  c_w.l(libinit2.o)
    0x08000136   0x08000136   0x00000000   Code   RO         1083    .ARM.Collect$$libinit$$00000021  c_w.l(libinit2.o)
    0x08000136   0x08000136   0x00000000   Code   RO         1085    .ARM.Collect$$libinit$$00000023  c_w.l(libinit2.o)
    0x08000136   0x08000136   0x00000000   Code   RO         1087    .ARM.Collect$$libinit$$00000025  c_w.l(libinit2.o)
    0x08000136   0x08000136   0x00000000   Code   RO         1089    .ARM.Collect$$libinit$$00000027  c_w.l(libinit2.o)
    0x08000136   0x08000136   0x00000000   Code   RO         1093    .ARM.Collect$$libinit$$0000002E  c_w.l(libinit2.o)
    0x08000136   0x08000136   0x00000000   Code   RO         1095    .ARM.Collect$$libinit$$00000030  c_w.l(libinit2.o)
    0x08000136   0x08000136   0x00000000   Code   RO         1097    .ARM.Collect$$libinit$$00000032  c_w.l(libinit2.o)
    0x08000136   0x08000136   0x00000000   Code   RO         1099    .ARM.Collect$$libinit$$00000034  c_w.l(libinit2.o)
    0x08000136   0x08000136   0x00000002   Code   RO         1100    .ARM.Collect$$libinit$$00000035  c_w.l(libinit2.o)
    0x08000138   0x08000138   0x00000002   Code   RO         1122    .ARM.Collect$$libshutdown$$00000000  c_w.l(libshutdown.o)
    0x0800013a   0x0800013a   0x00000000   Code   RO         1137    .ARM.Collect$$libshutdown$$00000002  c_w.l(libshutdown2.o)
    0x0800013a   0x0800013a   0x00000000   Code   RO         1139    .ARM.Collect$$libshutdown$$00000004  c_w.l(libshutdown2.o)
    0x0800013a   0x0800013a   0x00000000   Code   RO         1142    .ARM.Collect$$libshutdown$$00000007  c_w.l(libshutdown2.o)
    0x0800013a   0x0800013a   0x00000000   Code   RO         1145    .ARM.Collect$$libshutdown$$0000000A  c_w.l(libshutdown2.o)
    0x0800013a   0x0800013a   0x00000000   Code   RO         1147    .ARM.Collect$$libshutdown$$0000000C  c_w.l(libshutdown2.o)
    0x0800013a   0x0800013a   0x00000000   Code   RO         1150    .ARM.Collect$$libshutdown$$0000000F  c_w.l(libshutdown2.o)
    0x0800013a   0x0800013a   0x00000002   Code   RO         1151    .ARM.Collect$$libshutdown$$00000010  c_w.l(libshutdown2.o)
    0x0800013c   0x0800013c   0x00000000   Code   RO         1023    .ARM.Collect$$rtentry$$00000000  c_w.l(__rtentry.o)
    0x0800013c   0x0800013c   0x00000000   Code   RO         1025    .ARM.Collect$$rtentry$$00000002  c_w.l(__rtentry2.o)
    0x0800013c   0x0800013c   0x00000006   Code   RO         1037    .ARM.Collect$$rtentry$$00000004  c_w.l(__rtentry4.o)
    0x08000142   0x08000142   0x00000000   Code   RO         1027    .ARM.Collect$$rtentry$$00000009  c_w.l(__rtentry2.o)
    0x08000142   0x08000142   0x00000004   Code   RO         1028    .ARM.Collect$$rtentry$$0000000A  c_w.l(__rtentry2.o)
    0x08000146   0x08000146   0x00000000   Code   RO         1030    .ARM.Collect$$rtentry$$0000000C  c_w.l(__rtentry2.o)
    0x08000146   0x08000146   0x00000008   Code   RO         1031    .ARM.Collect$$rtentry$$0000000D  c_w.l(__rtentry2.o)
    0x0800014e   0x0800014e   0x00000002   Code   RO         1052    .ARM.Collect$$rtexit$$00000000  c_w.l(rtexit.o)
    0x08000150   0x08000150   0x00000000   Code   RO         1102    .ARM.Collect$$rtexit$$00000002  c_w.l(rtexit2.o)
    0x08000150   0x08000150   0x00000004   Code   RO         1103    .ARM.Collect$$rtexit$$00000003  c_w.l(rtexit2.o)
    0x08000154   0x08000154   0x00000006   Code   RO         1104    .ARM.Collect$$rtexit$$00000004  c_w.l(rtexit2.o)
    0x0800015a   0x0800015a   0x00000002   PAD
    0x0800015c   0x0800015c   0x00000068   Code   RO           14  * .text               startup_mdr32f9q2i.o
    0x080001c4   0x080001c4   0x00000006   Code   RO         1019    .text               c_w.l(heapauxi.o)
    0x080001ca   0x080001ca   0x0000004a   Code   RO         1039    .text               c_w.l(sys_stackheap_outer.o)
    0x08000214   0x08000214   0x00000012   Code   RO         1041    .text               c_w.l(exit.o)
    0x08000226   0x08000226   0x00000002   PAD
    0x08000228   0x08000228   0x00000008   Code   RO         1049    .text               c_w.l(libspace.o)
    0x08000230   0x08000230   0x0000000c   Code   RO         1112    .text               c_w.l(sys_exit.o)
    0x0800023c   0x0800023c   0x00000002   Code   RO         1127    .text               c_w.l(use_no_semi.o)
    0x0800023e   0x0800023e   0x00000000   Code   RO         1129    .text               c_w.l(indicate_semi.o)
    0x0800023e   0x0800023e   0x00000002   PAD
    0x08000240   0x08000240   0x00000002   Code   RO          995    .text.ADC_IRQHandler  mdr32f9q2i_it.o
    0x08000242   0x08000242   0x00000002   PAD
    0x08000244   0x08000244   0x00000002   Code   RO         1001    .text.BACKUP_IRQHandler  mdr32f9q2i_it.o
    0x08000246   0x08000246   0x00000002   PAD
    0x08000248   0x08000248   0x00000002   Code   RO          957    .text.BusFault_Handler  mdr32f9q2i_it.o
    0x0800024a   0x0800024a   0x00000002   PAD
    0x0800024c   0x0800024c   0x00000002   Code   RO          969    .text.CAN1_IRQHandler  mdr32f9q2i_it.o
    0x0800024e   0x0800024e   0x00000002   PAD
    0x08000250   0x08000250   0x00000002   Code   RO          971    .text.CAN2_IRQHandler  mdr32f9q2i_it.o
    0x08000252   0x08000252   0x00000002   PAD
    0x08000254   0x08000254   0x00000002   Code   RO          997    .text.COMPARATOR_IRQHandler  mdr32f9q2i_it.o
    0x08000256   0x08000256   0x00000002   PAD
    0x08000258   0x08000258   0x00000002   Code   RO          975    .text.DMA_IRQHandler  mdr32f9q2i_it.o
    0x0800025a   0x0800025a   0x00000002   PAD
    0x0800025c   0x0800025c   0x00000002   Code   RO          963    .text.DebugMon_Handler  mdr32f9q2i_it.o
    0x0800025e   0x0800025e   0x00000002   PAD
    0x08000260   0x08000260   0x00000002   Code   RO         1003    .text.EXT_INT1_IRQHandler  mdr32f9q2i_it.o
    0x08000262   0x08000262   0x00000002   PAD
    0x08000264   0x08000264   0x00000002   Code   RO         1005    .text.EXT_INT2_IRQHandler  mdr32f9q2i_it.o
    0x08000266   0x08000266   0x00000002   PAD
    0x08000268   0x08000268   0x00000002   Code   RO         1007    .text.EXT_INT3_IRQHandler  mdr32f9q2i_it.o
    0x0800026a   0x0800026a   0x00000002   PAD
    0x0800026c   0x0800026c   0x00000002   Code   RO         1009    .text.EXT_INT4_IRQHandler  mdr32f9q2i_it.o
    0x0800026e   0x0800026e   0x00000002   PAD
    0x08000270   0x08000270   0x00000002   Code   RO          953    .text.HardFault_Handler  mdr32f9q2i_it.o
    0x08000272   0x08000272   0x00000002   PAD
    0x08000274   0x08000274   0x00000002   Code   RO          983    .text.I2C_IRQHandler  mdr32f9q2i_it.o
    0x08000276   0x08000276   0x00000002   PAD
    0x08000278   0x08000278   0x00000002   Code   RO          955    .text.MemManage_Handler  mdr32f9q2i_it.o
    0x0800027a   0x0800027a   0x00000002   PAD
    0x0800027c   0x0800027c   0x0000019c   Code   RO          441    .text.PORT_Init     mdr32fxqi_port.o
    0x08000418   0x08000418   0x0000002e   Code   RO          445    .text.PORT_ReadInputDataBit  mdr32fxqi_port.o
    0x08000446   0x08000446   0x00000002   PAD
    0x08000448   0x08000448   0x00000024   Code   RO          451    .text.PORT_ResetBits  mdr32fxqi_port.o
    0x0800046c   0x0800046c   0x00000026   Code   RO          449    .text.PORT_SetBits  mdr32fxqi_port.o
    0x08000492   0x08000492   0x00000002   PAD
    0x08000494   0x08000494   0x00000002   Code   RO          985    .text.POWER_IRQHandler  mdr32f9q2i_it.o
    0x08000496   0x08000496   0x00000002   PAD
    0x08000498   0x08000498   0x00000002   Code   RO          965    .text.PendSV_Handler  mdr32f9q2i_it.o
    0x0800049a   0x0800049a   0x00000002   PAD
    0x0800049c   0x0800049c   0x00000034   Code   RO          553    .text.RST_CLK_PCLKcmd  mdr32fxqi_rst_clk.o
    0x080004d0   0x080004d0   0x00000002   Code   RO          981    .text.SSP1_IRQHandler  mdr32f9q2i_it.o
    0x080004d2   0x080004d2   0x00000002   PAD
    0x080004d4   0x080004d4   0x00000002   Code   RO          999    .text.SSP2_IRQHandler  mdr32f9q2i_it.o
    0x080004d6   0x080004d6   0x00000002   PAD
    0x080004d8   0x080004d8   0x00000002   Code   RO          961    .text.SVC_Handler   mdr32f9q2i_it.o
    0x080004da   0x080004da   0x00000002   PAD
    0x080004dc   0x080004dc   0x00000002   Code   RO          967    .text.SysTick_Handler  mdr32f9q2i_it.o
    0x080004de   0x080004de   0x00000002   PAD
    0x080004e0   0x080004e0   0x000000ee   Code   RO           21    .text.SystemCoreClockUpdate  system_mdr32f9q2i.o
    0x080005ce   0x080005ce   0x00000002   PAD
    0x080005d0   0x080005d0   0x00000076   Code   RO           23    .text.SystemInit    system_mdr32f9q2i.o
    0x08000646   0x08000646   0x00000002   PAD
    0x08000648   0x08000648   0x00000002   Code   RO          989    .text.Timer1_IRQHandler  mdr32f9q2i_it.o
    0x0800064a   0x0800064a   0x00000002   PAD
    0x0800064c   0x0800064c   0x00000002   Code   RO          991    .text.Timer2_IRQHandler  mdr32f9q2i_it.o
    0x0800064e   0x0800064e   0x00000002   PAD
    0x08000650   0x08000650   0x00000002   Code   RO          993    .text.Timer3_IRQHandler  mdr32f9q2i_it.o
    0x08000652   0x08000652   0x00000002   PAD
    0x08000654   0x08000654   0x00000002   Code   RO          977    .text.UART1_IRQHandler  mdr32f9q2i_it.o
    0x08000656   0x08000656   0x00000002   PAD
    0x08000658   0x08000658   0x00000002   Code   RO          979    .text.UART2_IRQHandler  mdr32f9q2i_it.o
    0x0800065a   0x0800065a   0x00000002   PAD
    0x0800065c   0x0800065c   0x00000002   Code   RO          973    .text.USB_IRQHandler  mdr32f9q2i_it.o
    0x0800065e   0x0800065e   0x00000002   PAD
    0x08000660   0x08000660   0x00000002   Code   RO          959    .text.UsageFault_Handler  mdr32f9q2i_it.o
    0x08000662   0x08000662   0x00000002   PAD
    0x08000664   0x08000664   0x00000002   Code   RO          987    .text.WWDG_IRQHandler  mdr32f9q2i_it.o
    0x08000666   0x08000666   0x00000002   PAD
    0x08000668   0x08000668   0x000000ba   Code   RO            2    .text.main          main.o
    0x08000722   0x08000722   0x00000002   PAD
    0x08000724   0x08000724   0x00000020   Data   RO         1185    Region$$Table       anon$$obj.o


    Execution Region ER_RW (Exec base: 0x20000000, Load base: 0x08000744, Size: 0x00000004, Max: 0xffffffff, ABSOLUTE)

    Exec Addr    Load Addr    Size         Type   Attr      Idx    E Section Name        Object

    0x20000000   0x08000744   0x00000004   Data   RW           25    .data.SystemCoreClock  system_mdr32f9q2i.o


    Execution Region ER_ZI (Exec base: 0x20000008, Load base: 0x08000748, Size: 0x00000670, Max: 0xffffffff, ABSOLUTE)

    Exec Addr    Load Addr    Size         Type   Attr      Idx    E Section Name        Object

    0x20000008        -       0x00000060   Zero   RW         1050    .bss                c_w.l(libspace.o)
    0x20000068        -       0x0000000c   Zero   RW            4    .bss.PortInit       main.o
    0x20000074   0x08000748   0x00000004   PAD
    0x20000078        -       0x00000200   Zero   RW           12    HEAP                startup_mdr32f9q2i.o
    0x20000278        -       0x00000400   Zero   RW           11    STACK               startup_mdr32f9q2i.o


==============================================================================

Image component sizes


      Code (inc. data)   RO Data    RW Data    ZI Data      Debug   Object Name

       186          0          0          0         12       2443   main.o
        58          0          0          0          0       2620   mdr32f9q2i_it.o
       532          0          0          0          0       4541   mdr32fxqi_port.o
        52          0          0          0          0      11207   mdr32fxqi_rst_clk.o
       104         26        192          0       1536       1748   startup_mdr32f9q2i.o
       356          0          0          4          0       2127   system_mdr32f9q2i.o

    ----------------------------------------------------------------------
      1356         26        224          4       1552      24686   Object Totals
         0          0         32          0          0          0   (incl. Generated)
        68          0          0          0          4          0   (incl. Padding)

    ----------------------------------------------------------------------

      Code (inc. data)   RO Data    RW Data    ZI Data      Debug   Library Member Name

         8          0          0          0          0         68   __main.o
         0          0          0          0          0          0   __rtentry.o
        12          0          0          0          0          0   __rtentry2.o
         6          0          0          0          0          0   __rtentry4.o
        52          8          0          0          0          0   __scatter.o
        26          0          0          0          0          0   __scatter_copy.o
        28          0          0          0          0          0   __scatter_zi.o
        18          0          0          0          0         80   exit.o
         6          0          0          0          0        152   heapauxi.o
         0          0          0          0          0          0   indicate_semi.o
         2          0          0          0          0          0   libinit.o
         2          0          0          0          0          0   libinit2.o
         2          0          0          0          0          0   libshutdown.o
         2          0          0          0          0          0   libshutdown2.o
         8          4          0          0         96         68   libspace.o
         2          0          0          0          0          0   rtexit.o
        10          0          0          0          0          0   rtexit2.o
        12          4          0          0          0         68   sys_exit.o
        74          0          0          0          0         80   sys_stackheap_outer.o
         2          0          0          0          0         68   use_no_semi.o

    ----------------------------------------------------------------------
       280         16          0          0         96        584   Library Totals
         8          0          0          0          0          0   (incl. Padding)

    ----------------------------------------------------------------------

      Code (inc. data)   RO Data    RW Data    ZI Data      Debug   Library Name

       272         16          0          0         96        584   c_w.l

    ----------------------------------------------------------------------
       280         16          0          0         96        584   Library Totals

    ----------------------------------------------------------------------

==============================================================================


      Code (inc. data)   RO Data    RW Data    ZI Data      Debug   

      1636         42        224          4       1648      25082   Grand Totals
      1636         42        224          4       1648      25082   ELF Image Totals
      1636         42        224          4          0          0   ROM Totals

==============================================================================

    Total RO  Size (Code + RO Data)                 1860 (   1.82kB)
    Total RW  Size (RW Data + ZI Data)              1652 (   1.61kB)
    Total ROM Size (Code + RO Data + RW Data)       1864 (   1.82kB)

==============================================================================

